[0m18:30:22.504986 [debug] [Thread-1 (]: On model.Vietnam_economic_lakehouse.fact_social_total_investment: /* {"app": "dbt", "dbt_version": "1.12.0rc1", "profile_name": "Vietnam_economic_lakehouse", "target_name": "spark", "node_id": "model.Vietnam_economic_lakehouse.fact_social_total_investment"} */

        CREATE TABLE gold_gold.fact_social_total_investment
        USING DELTA
        AS
        

with base as (
    select
        cast(to_date(report_date) as date) as report_date,
        cast(year(to_date(report_date)) as int) as report_year,
        cast(quarter(to_date(report_date)) as int) as report_quarter,
        trim(capital_source_name) as capital_source_name,
        cast(unit_name as string) as unit,
        cast(investment_value as decimal(38,10)) as investment_value,
        period_grain,
        ingest_at
    from gold_staging.stg_social_total_investment
    where report_date is not null
      and capital_source_name is not null
),

joined as (
    select
        cast(dt.time_key as int) as time_key,
        b.report_date,
        b.report_year,
        b.report_quarter,
        cs.capital_source_key,
        b.unit,
        b.investment_value,
        b.period_grain,
        b.ingest_at
    from base b
    left join gold_gold.dim_time dt
        on b.report_year = dt.year
       and b.report_quarter = dt.quarter
       and dt.month is null
    left join gold_gold.dim_capital_source cs
        on b.capital_source_name = cs.source_name
    where dt.time_key is not null
      and cs.capital_source_key is not null
),

deduped as (
    select
        time_key,
        report_date,
        report_year,
        report_quarter,
        capital_source_key,
        unit,
        cast(max(investment_value) as decimal(38,10)) as investment_value,
        max(period_grain) as period_grain,
        max(ingest_at) as ingest_at
    from joined
    group by
        time_key,
        report_date,
        report_year,
        report_quarter,
        capital_source_key,
        unit
),

with_prev_quarter as (
    select
        cur.time_key,
        cur.report_date,
        cur.report_year,
        cur.report_quarter,
        cur.capital_source_key,
        cur.unit,
        cur.investment_value,
        prev.investment_value as investment_value_pre_quarter,
        cur.period_grain,
        cur.ingest_at
    from deduped cur
    left join deduped prev
        on cur.capital_source_key = prev.capital_source_key
       and cur.unit = prev.unit
       and (
            (
                cur.report_year = prev.report_year
                and cur.report_quarter = prev.report_quarter + 1
            )
            or
            (
                cur.report_year = prev.report_year + 1
                and cur.report_quarter = 1
                and prev.report_quarter = 4
            )
       )
),

with_prev_year as (
    select
        cur.time_key,
        cur.report_date,
        cur.report_year,
        cur.report_quarter,
        cur.capital_source_key,
        cur.unit,
        cur.investment_value,
        cur.investment_value_pre_quarter,
        prev.investment_value as investment_value_pre_year,
        cur.period_grain,
        cur.ingest_at
    from with_prev_quarter cur
    left join deduped prev
        on cur.capital_source_key = prev.capital_source_key
       and cur.unit = prev.unit
       and cur.report_year = prev.report_year + 1
       and cur.report_quarter = prev.report_quarter
),

final as (
    select
        
    abs(xxhash64(coalesce(cast(time_key as string), '__null__'), coalesce(cast(capital_source_key as string), '__null__'), coalesce(cast(unit as string), '__null__')))
 as fact_total_investment_key,

        cast(time_key as int) as time_key,
        cast(capital_source_key as int) as capital_source_key,
        cast(unit as string) as unit,

        cast(coalesce(investment_value, 0) as float) as investment_value,
        cast(coalesce(investment_value_pre_quarter, 0) as float) as investment_value_pre_quarter,
        cast(coalesce(investment_value_pre_year, 0) as float) as investment_value_pre_year,

        period_grain,
        current_timestamp() as created_at,
        ingest_at
    from with_prev_year
)

select * from final
    
[0m18:30:27.525462 [debug] [Thread-1 (]: Spark adapter: Poll status: 1, sleeping
[0m18:30:35.501595 [debug] [Thread-1 (]: Spark adapter: Poll status: 2, query complete
[0m18:30:35.502656 [debug] [Thread-1 (]: SQL status: OK in 12.980 seconds
[0m18:30:35.506257 [debug] [Thread-1 (]: On model.Vietnam_economic_lakehouse.fact_social_total_investment: ROLLBACK
[0m18:30:35.506998 [debug] [Thread-1 (]: Spark adapter: NotImplemented: rollback
[0m18:30:35.507700 [debug] [Thread-1 (]: On model.Vietnam_economic_lakehouse.fact_social_total_investment: Close
[0m18:30:35.518563 [debug] [Thread-1 (]: Sending event: {'category': 'dbt', 'action': 'run_model', 'label': 'fc997444-607d-46ad-9e33-02e4a4712d41', 'context': [<snowplow_tracker.self_describing_json.SelfDescribingJson object at 0x7fb93615b8b0>]}
[0m18:30:35.519819 [info ] [Thread-1 (]: 1 of 1 OK created sql delta_table model gold_gold.fact_social_total_investment . [[32mOK[0m in 13.32s]
[0m18:30:35.521006 [debug] [Thread-1 (]: Finished running node model.Vietnam_economic_lakehouse.fact_social_total_investment
[0m18:30:35.523628 [debug] [MainThread]: On master: ROLLBACK
[0m18:30:35.524360 [debug] [MainThread]: Opening a new connection, currently in state init
[0m18:30:35.567734 [debug] [MainThread]: Spark adapter: NotImplemented: rollback
[0m18:30:35.568713 [debug] [MainThread]: Spark adapter: NotImplemented: add_begin_query
[0m18:30:35.569457 [debug] [MainThread]: Spark adapter: NotImplemented: commit
[0m18:30:35.570125 [debug] [MainThread]: On master: ROLLBACK
[0m18:30:35.570779 [debug] [MainThread]: Spark adapter: NotImplemented: rollback
[0m18:30:35.571459 [debug] [MainThread]: On master: Close
[0m18:30:35.574757 [debug] [MainThread]: Connection 'master' was properly closed.
[0m18:30:35.575554 [debug] [MainThread]: Connection 'list_None_gold_gold' was properly closed.
[0m18:30:35.576225 [debug] [MainThread]: Connection 'list_None_gold_marts' was properly closed.
[0m18:30:35.576899 [debug] [MainThread]: Connection 'model.Vietnam_economic_lakehouse.fact_social_total_investment' was properly closed.
[0m18:30:35.577567 [info ] [MainThread]: 
[0m18:30:35.578341 [info ] [MainThread]: Finished running 1 delta table model in 0 hours 0 minutes and 14.65 seconds (14.65s).
[0m18:30:35.579890 [debug] [MainThread]: Command end result
[0m18:30:35.681690 [debug] [MainThread]: Wrote artifact WritableManifest to /opt/airflow/dbt/target/manifest.json
[0m18:30:35.689131 [debug] [MainThread]: Wrote artifact SemanticManifest to /opt/airflow/dbt/target/semantic_manifest.json
[0m18:30:35.695481 [debug] [MainThread]: Wrote artifact OsiDocument to /opt/airflow/dbt/target/osi_document.json
[0m18:30:35.710331 [debug] [MainThread]: Wrote artifact RunExecutionResult to /opt/airflow/dbt/target/run_results.json
[0m18:30:35.710988 [info ] [MainThread]: 
[0m18:30:35.711803 [info ] [MainThread]: [32mCompleted successfully[0m
[0m18:30:35.712650 [info ] [MainThread]: 
[0m18:30:35.713449 [info ] [MainThread]: Done. PASS=1 WARN=0 ERROR=0 SKIP=0 NO-OP=0 REUSED=0 TOTAL=1
[0m18:30:35.714469 [warn ] [MainThread]: [[33mWARNING[0m][DeprecationsSummary]: Deprecated functionality
Summary of encountered deprecations:
- MissingArgumentsPropertyInGenericTestDeprecation: 1 occurrence
To see all deprecation instances instead of just the first occurrence of each,
run command again with the `--show-all-deprecations` flag. You may also need to
run with `--no-partial-parse` as some deprecations are only encountered during
parsing.
[0m18:30:35.716516 [debug] [MainThread]: Resource report: {"command_name": "run", "command_success": true, "command_wall_clock_time": 17.05271, "process_in_blocks": "84192", "process_kernel_time": 0.236212, "process_mem_max_rss": "154344", "process_out_blocks": "0", "process_user_time": 3.818763}
[0m18:30:35.717610 [debug] [MainThread]: Command `dbt run` succeeded at 18:30:35.717437 after 17.05 seconds
[0m18:30:35.718327 [debug] [MainThread]: Sending event: {'category': 'dbt', 'action': 'invocation', 'label': 'end', 'context': [<snowplow_tracker.self_describing_json.SelfDescribingJson object at 0x7fb93b0807d0>, <snowplow_tracker.self_describing_json.SelfDescribingJson object at 0x7fb93808fb60>, <snowplow_tracker.self_describing_json.SelfDescribingJson object at 0x7fb9360381d0>]}
[0m18:30:35.719128 [debug] [MainThread]: Flushing usage events
[0m18:30:36.780468 [debug] [MainThread]: An error was encountered while trying to flush usage events
[0m18:31:26.760125 [debug] [MainThread]: Sending event: {'category': 'dbt', 'action': 'invocation', 'label': 'start', 'context': [<snowplow_tracker.self_describing_json.SelfDescribingJson object at 0x7fa31edd1a90>, <snowplow_tracker.self_describing_json.SelfDescribingJson object at 0x7fa31d95fed0>, <snowplow_tracker.self_describing_json.SelfDescribingJson object at 0x7fa31d95fb10>]}


============================== 18:31:26.763720 | df463992-207d-423e-9696-12b9d306de2f ==============================
[0m18:31:26.763720 [info ] [MainThread]: Running with dbt=1.12.0-rc1
[0m18:31:26.764600 [debug] [MainThread]: running dbt with arguments {'fail_fast': 'False', 'use_experimental_parser': 'False', 'log_path': '/opt/airflow/dbt/logs', 'indirect_selection': 'eager', 'cache_selected_only': 'False', 'maximum_seed_size_mib': '1', 'version_check': 'True', 'debug': 'False', 'no_print': 'None', 'partial_parse': 'True', 'log_format': 'default', 'empty': 'False', 'warn_error_options': 'WarnErrorOptionsV2(error=[], warn=[], silence=[])', 'log_cache_events': 'False', 'send_anonymous_usage_stats': 'True', 'target_path': 'None', 'profiles_dir': '/opt/airflow/dbt', 'quiet': 'False', 'static_parser': 'True', 'write_json': 'True', 'invocation_command': 'dbt run --select mart_social_invest', 'use_colors': 'True', 'printer_width': '80', 'introspect': 'True', 'warn_error': 'None'}
[0m18:31:26.917421 [debug] [MainThread]: Spark adapter: Setting pyhive.hive logging to ERROR
[0m18:31:26.918193 [debug] [MainThread]: Spark adapter: Setting thrift.transport logging to ERROR
[0m18:31:26.918862 [debug] [MainThread]: Spark adapter: Setting thrift.protocol logging to ERROR
[0m18:31:27.178896 [debug] [MainThread]: Sending event: {'category': 'dbt', 'action': 'project_id', 'label': 'df463992-207d-423e-9696-12b9d306de2f', 'context': [<snowplow_tracker.self_describing_json.SelfDescribingJson object at 0x7fa31ea44b00>]}
[0m18:31:27.271606 [debug] [MainThread]: Sending event: {'category': 'dbt', 'action': 'adapter_info', 'label': 'df463992-207d-423e-9696-12b9d306de2f', 'context': [<snowplow_tracker.self_describing_json.SelfDescribingJson object at 0x7fa31e44cc00>]}
[0m18:31:27.272956 [info ] [MainThread]: Registered adapter: spark=1.10.3
[0m18:31:27.362681 [debug] [MainThread]: checksum: 7a90b343ff7061e802f4d7a50f4dc99d530509d1c507002933ce076ca574a21f, vars: {}, profile: Vietnam_economic_lakehouse, target: spark, version: 1.12.0rc1
[0m18:31:27.777840 [debug] [MainThread]: Partial parsing enabled: 0 files deleted, 0 files added, 0 files changed.
[0m18:31:27.778541 [debug] [MainThread]: Nothing changed, skipping partial parsing.
[0m18:31:27.779032 [debug] [MainThread]: Partial parsing enabled, no changes found, skipping parsing
[0m18:31:27.855654 [debug] [MainThread]: Sending event: {'category': 'dbt', 'action': 'load_project', 'label': 'df463992-207d-423e-9696-12b9d306de2f', 'context': [<snowplow_tracker.self_describing_json.SelfDescribingJson object at 0x7fa31ccb0650>]}
[0m18:31:28.138330 [debug] [MainThread]: Wrote artifact WritableManifest to /opt/airflow/dbt/target/manifest.json
[0m18:31:28.144971 [debug] [MainThread]: Wrote artifact SemanticManifest to /opt/airflow/dbt/target/semantic_manifest.json
[0m18:31:28.172523 [debug] [MainThread]: Wrote artifact OsiDocument to /opt/airflow/dbt/target/osi_document.json
[0m18:31:28.201337 [debug] [MainThread]: Sending event: {'category': 'dbt', 'action': 'resource_counts', 'label': 'df463992-207d-423e-9696-12b9d306de2f', 'context': [<snowplow_tracker.self_describing_json.SelfDescribingJson object at 0x7fa31cbe6210>]}
[0m18:31:28.202093 [info ] [MainThread]: Found 33 models, 53 data tests, 24 sources, 517 macros
[0m18:31:28.202693 [debug] [MainThread]: Sending event: {'category': 'dbt', 'action': 'runnable_timing', 'label': 'df463992-207d-423e-9696-12b9d306de2f', 'context': [<snowplow_tracker.self_describing_json.SelfDescribingJson object at 0x7fa31ca83230>]}
[0m18:31:28.206212 [info ] [MainThread]: 
[0m18:31:28.207309 [info ] [MainThread]: Concurrency: 4 threads (target='spark')
[0m18:31:28.208023 [info ] [MainThread]: 
[0m18:31:28.208892 [debug] [MainThread]: Acquiring new spark connection 'master'
[0m18:31:28.210238 [debug] [ThreadPool]: Acquiring new spark connection 'list_schemas'
[0m18:31:28.223665 [debug] [ThreadPool]: Using spark connection "list_schemas"
[0m18:31:28.224626 [debug] [ThreadPool]: On list_schemas: /* {"app": "dbt", "dbt_version": "1.12.0rc1", "profile_name": "Vietnam_economic_lakehouse", "target_name": "spark", "connection_name": "list_schemas"} */

    show databases
  
[0m18:31:28.225297 [debug] [ThreadPool]: Opening a new connection, currently in state init
[0m18:31:28.271876 [debug] [ThreadPool]: Spark adapter: Poll status: 2, query complete
[0m18:31:28.272951 [debug] [ThreadPool]: SQL status: OK in 0.048 seconds
[0m18:31:28.276571 [debug] [ThreadPool]: On list_schemas: Close
[0m18:31:28.294777 [debug] [ThreadPool]: Re-using an available connection from the pool (formerly list_schemas, now list_None_gold_marts)
[0m18:31:28.301103 [debug] [ThreadPool]: Acquiring new spark connection 'list_None_gold_gold'
[0m18:31:28.301855 [debug] [ThreadPool]: Spark adapter: NotImplemented: add_begin_query
[0m18:31:28.302659 [debug] [ThreadPool]: Acquiring new spark connection 'list_None_gold_staging'
[0m18:31:28.304661 [debug] [ThreadPool]: Spark adapter: NotImplemented: add_begin_query
[0m18:31:28.305726 [debug] [ThreadPool]: Using spark connection "list_None_gold_marts"
[0m18:31:28.308926 [debug] [ThreadPool]: Spark adapter: NotImplemented: add_begin_query
[0m18:31:28.309841 [debug] [ThreadPool]: Using spark connection "list_None_gold_gold"
[0m18:31:28.310618 [debug] [ThreadPool]: On list_None_gold_marts: /* {"app": "dbt", "dbt_version": "1.12.0rc1", "profile_name": "Vietnam_economic_lakehouse", "target_name": "spark", "connection_name": "list_None_gold_marts"} */
show table extended in gold_marts like '*'
  
[0m18:31:28.311411 [debug] [ThreadPool]: Using spark connection "list_None_gold_staging"
[0m18:31:28.312130 [debug] [ThreadPool]: On list_None_gold_gold: /* {"app": "dbt", "dbt_version": "1.12.0rc1", "profile_name": "Vietnam_economic_lakehouse", "target_name": "spark", "connection_name": "list_None_gold_gold"} */
show table extended in gold_gold like '*'
  
[0m18:31:28.312944 [debug] [ThreadPool]: Opening a new connection, currently in state closed
[0m18:31:28.313750 [debug] [ThreadPool]: On list_None_gold_staging: /* {"app": "dbt", "dbt_version": "1.12.0rc1", "profile_name": "Vietnam_economic_lakehouse", "target_name": "spark", "connection_name": "list_None_gold_staging"} */
show table extended in gold_staging like '*'
  
[0m18:31:28.314430 [debug] [ThreadPool]: Opening a new connection, currently in state init
[0m18:31:28.315350 [debug] [ThreadPool]: Opening a new connection, currently in state init
[0m18:31:29.138784 [debug] [ThreadPool]: Spark adapter: Poll status: 2, query complete
[0m18:31:29.139839 [debug] [ThreadPool]: SQL status: OK in 0.827 seconds
[0m18:31:29.143588 [debug] [ThreadPool]: On list_None_gold_marts: ROLLBACK
[0m18:31:29.144222 [debug] [ThreadPool]: Spark adapter: NotImplemented: rollback
[0m18:31:29.144748 [debug] [ThreadPool]: On list_None_gold_marts: Close
[0m18:31:29.189142 [debug] [ThreadPool]: Spark adapter: Poll status: 2, query complete
[0m18:31:29.190364 [debug] [ThreadPool]: SQL status: OK in 0.875 seconds
[0m18:31:29.194909 [debug] [ThreadPool]: On list_None_gold_staging: ROLLBACK
[0m18:31:29.195630 [debug] [ThreadPool]: Spark adapter: NotImplemented: rollback
[0m18:31:29.196257 [debug] [ThreadPool]: On list_None_gold_staging: Close
[0m18:31:29.220635 [debug] [ThreadPool]: Spark adapter: Poll status: 2, query complete
[0m18:31:29.221408 [debug] [ThreadPool]: SQL status: OK in 0.907 seconds
[0m18:31:29.225748 [debug] [ThreadPool]: On list_None_gold_gold: ROLLBACK
[0m18:31:29.226450 [debug] [ThreadPool]: Spark adapter: NotImplemented: rollback
[0m18:31:29.227035 [debug] [ThreadPool]: On list_None_gold_gold: Close
[0m18:31:29.235677 [debug] [MainThread]: Sending event: {'category': 'dbt', 'action': 'runnable_timing', 'label': 'df463992-207d-423e-9696-12b9d306de2f', 'context': [<snowplow_tracker.self_describing_json.SelfDescribingJson object at 0x7fa31cbe3d40>]}
[0m18:31:29.236425 [debug] [MainThread]: Spark adapter: NotImplemented: add_begin_query
[0m18:31:29.236941 [debug] [MainThread]: Spark adapter: NotImplemented: commit
[0m18:31:29.240200 [debug] [Thread-1 (]: Began running node model.Vietnam_economic_lakehouse.mart_social_invest
[0m18:31:29.241037 [info ] [Thread-1 (]: 1 of 1 START sql delta_table model gold_marts.mart_social_invest ............... [RUN]
[0m18:31:29.241790 [debug] [Thread-1 (]: Re-using an available connection from the pool (formerly list_None_gold_staging, now model.Vietnam_economic_lakehouse.mart_social_invest)
[0m18:31:29.242470 [debug] [Thread-1 (]: Began compiling node model.Vietnam_economic_lakehouse.mart_social_invest
[0m18:31:29.251792 [debug] [Thread-1 (]: Writing injected SQL for node "model.Vietnam_economic_lakehouse.mart_social_invest"
[0m18:31:29.257515 [debug] [Thread-1 (]: Began executing node model.Vietnam_economic_lakehouse.mart_social_invest
[0m18:31:29.272339 [debug] [Thread-1 (]: Creating schema "schema: "gold_marts"
"
[0m18:31:29.277696 [debug] [Thread-1 (]: Spark adapter: NotImplemented: add_begin_query
[0m18:31:29.278399 [debug] [Thread-1 (]: Using spark connection "model.Vietnam_economic_lakehouse.mart_social_invest"
[0m18:31:29.279049 [debug] [Thread-1 (]: On model.Vietnam_economic_lakehouse.mart_social_invest: /* {"app": "dbt", "dbt_version": "1.12.0rc1", "profile_name": "Vietnam_economic_lakehouse", "target_name": "spark", "node_id": "model.Vietnam_economic_lakehouse.mart_social_invest"} */
create schema if not exists gold_marts
  
[0m18:31:29.279751 [debug] [Thread-1 (]: Opening a new connection, currently in state closed
[0m18:31:29.311666 [debug] [Thread-1 (]: Spark adapter: Poll status: 2, query complete
[0m18:31:29.312471 [debug] [Thread-1 (]: SQL status: OK in 0.033 seconds
[0m18:31:29.313825 [debug] [Thread-1 (]: Spark adapter: NotImplemented: commit
[0m18:31:29.319817 [debug] [Thread-1 (]: Using spark connection "model.Vietnam_economic_lakehouse.mart_social_invest"
[0m18:31:29.320468 [debug] [Thread-1 (]: On model.Vietnam_economic_lakehouse.mart_social_invest: /* {"app": "dbt", "dbt_version": "1.12.0rc1", "profile_name": "Vietnam_economic_lakehouse", "target_name": "spark", "node_id": "model.Vietnam_economic_lakehouse.mart_social_invest"} */
drop table if exists gold_marts.mart_social_invest
[0m18:31:29.412929 [debug] [Thread-1 (]: Spark adapter: Poll status: 2, query complete
[0m18:31:29.413706 [debug] [Thread-1 (]: SQL status: OK in 0.093 seconds
[0m18:31:29.415526 [debug] [Thread-1 (]: Using spark connection "model.Vietnam_economic_lakehouse.mart_social_invest"
[0m18:31:29.416096 [debug] [Thread-1 (]: On model.Vietnam_economic_lakehouse.mart_social_invest: /* {"app": "dbt", "dbt_version": "1.12.0rc1", "profile_name": "Vietnam_economic_lakehouse", "target_name": "spark", "node_id": "model.Vietnam_economic_lakehouse.mart_social_invest"} */

        DROP TABLE IF EXISTS gold_marts.mart_social_invest
    
[0m18:31:29.426041 [debug] [Thread-1 (]: Spark adapter: Poll status: 2, query complete
[0m18:31:29.426765 [debug] [Thread-1 (]: SQL status: OK in 0.010 seconds
[0m18:31:29.428114 [debug] [Thread-1 (]: Writing runtime sql for node "model.Vietnam_economic_lakehouse.mart_social_invest"
[0m18:31:29.433080 [debug] [Thread-1 (]: Using spark connection "model.Vietnam_economic_lakehouse.mart_social_invest"
[0m18:31:29.433783 [debug] [Thread-1 (]: On model.Vietnam_economic_lakehouse.mart_social_invest: /* {"app": "dbt", "dbt_version": "1.12.0rc1", "profile_name": "Vietnam_economic_lakehouse", "target_name": "spark", "node_id": "model.Vietnam_economic_lakehouse.mart_social_invest"} */

        CREATE TABLE gold_marts.mart_social_invest
        USING DELTA
        AS
        

with fact as (
    select
        f.fact_total_investment_key,
        f.time_key,
        f.capital_source_key,
        f.unit,
        f.investment_value,
        f.investment_value_pre_quarter,
        f.investment_value_pre_year,
        f.period_grain,
        f.created_at,
        f.ingest_at,
        t.year as report_year,
        t.quarter as report_quarter
    from gold_gold.fact_social_total_investment f
    left join gold_gold.dim_time t
        on f.time_key = t.time_key
),

with_growth as (
    select
        *,
        case
            when investment_value_pre_quarter > 0
            then round(
                (
                    investment_value - investment_value_pre_quarter
                ) / investment_value_pre_quarter * 100,
                3
            )
            else 0
        end as qoq_growth_rate,

        case
            when investment_value_pre_year > 0
            then round(
                (
                    investment_value - investment_value_pre_year
                ) / investment_value_pre_year * 100,
                3
            )
            else 0
        end as yoy_growth_rate
    from fact
),

with_share as (
    select
        *,
        case
            when sum(investment_value) over (
                partition by report_year, report_quarter
            ) > 0
            then round(
                investment_value
                / sum(investment_value) over (
                    partition by report_year, report_quarter
                ) * 100,
                3
            )
            else 0
        end as source_share_pct
    from with_growth
)

select
    fact_total_investment_key,
    time_key,
    capital_source_key,
    unit,

    investment_value,
    investment_value_pre_quarter,
    investment_value_pre_year,

    cast(coalesce(qoq_growth_rate, 0) as float) as qoq_growth_rate,
    cast(coalesce(yoy_growth_rate, 0) as float) as yoy_growth_rate,
    cast(coalesce(source_share_pct, 0) as float) as source_share_pct,

    period_grain,
    created_at,
    ingest_at
from with_share
    
[0m18:31:34.436992 [debug] [Thread-1 (]: Spark adapter: Poll status: 1, sleeping
[0m18:31:39.439595 [debug] [Thread-1 (]: Spark adapter: Poll status: 2, query complete
[0m18:31:39.440612 [debug] [Thread-1 (]: SQL status: OK in 10.006 seconds
[0m18:31:39.444051 [debug] [Thread-1 (]: On model.Vietnam_economic_lakehouse.mart_social_invest: ROLLBACK
[0m18:31:39.444980 [debug] [Thread-1 (]: Spark adapter: NotImplemented: rollback
[0m18:31:39.445856 [debug] [Thread-1 (]: On model.Vietnam_economic_lakehouse.mart_social_invest: Close
[0m18:31:39.464247 [debug] [Thread-1 (]: Sending event: {'category': 'dbt', 'action': 'run_model', 'label': 'df463992-207d-423e-9696-12b9d306de2f', 'context': [<snowplow_tracker.self_describing_json.SelfDescribingJson object at 0x7fa31caa04d0>]}
[0m18:31:39.465522 [info ] [Thread-1 (]: 1 of 1 OK created sql delta_table model gold_marts.mart_social_invest .......... [[32mOK[0m in 10.22s]
[0m18:31:39.466883 [debug] [Thread-1 (]: Finished running node model.Vietnam_economic_lakehouse.mart_social_invest
[0m18:31:39.470061 [debug] [MainThread]: On master: ROLLBACK
[0m18:31:39.470853 [debug] [MainThread]: Opening a new connection, currently in state init
[0m18:31:39.508478 [debug] [MainThread]: Spark adapter: NotImplemented: rollback
[0m18:31:39.509598 [debug] [MainThread]: Spark adapter: NotImplemented: add_begin_query
[0m18:31:39.510517 [debug] [MainThread]: Spark adapter: NotImplemented: commit
[0m18:31:39.511226 [debug] [MainThread]: On master: ROLLBACK
[0m18:31:39.511978 [debug] [MainThread]: Spark adapter: NotImplemented: rollback
[0m18:31:39.512660 [debug] [MainThread]: On master: Close
[0m18:31:39.515972 [debug] [MainThread]: Connection 'master' was properly closed.
[0m18:31:39.516806 [debug] [MainThread]: Connection 'list_None_gold_marts' was properly closed.
[0m18:31:39.517687 [debug] [MainThread]: Connection 'list_None_gold_gold' was properly closed.
[0m18:31:39.518588 [debug] [MainThread]: Connection 'model.Vietnam_economic_lakehouse.mart_social_invest' was properly closed.
[0m18:31:39.519473 [info ] [MainThread]: 
[0m18:31:39.520676 [info ] [MainThread]: Finished running 1 delta table model in 0 hours 0 minutes and 11.31 seconds (11.31s).
[0m18:31:39.522147 [debug] [MainThread]: Command end result
[0m18:31:39.611534 [debug] [MainThread]: Wrote artifact WritableManifest to /opt/airflow/dbt/target/manifest.json
[0m18:31:39.618320 [debug] [MainThread]: Wrote artifact SemanticManifest to /opt/airflow/dbt/target/semantic_manifest.json
[0m18:31:39.624571 [debug] [MainThread]: Wrote artifact OsiDocument to /opt/airflow/dbt/target/osi_document.json
[0m18:31:39.636515 [debug] [MainThread]: Wrote artifact RunExecutionResult to /opt/airflow/dbt/target/run_results.json
[0m18:31:39.637359 [info ] [MainThread]: 
[0m18:31:39.638452 [info ] [MainThread]: [32mCompleted successfully[0m
[0m18:31:39.639668 [info ] [MainThread]: 
[0m18:31:39.640674 [info ] [MainThread]: Done. PASS=1 WARN=0 ERROR=0 SKIP=0 NO-OP=0 REUSED=0 TOTAL=1
[0m18:31:39.644069 [debug] [MainThread]: Resource report: {"command_name": "run", "command_success": true, "command_wall_clock_time": 12.987312, "process_in_blocks": "56496", "process_kernel_time": 0.156586, "process_mem_max_rss": "147160", "process_out_blocks": "0", "process_user_time": 3.210022}
[0m18:31:39.644875 [debug] [MainThread]: Command `dbt run` succeeded at 18:31:39.644747 after 12.99 seconds
[0m18:31:39.645482 [debug] [MainThread]: Sending event: {'category': 'dbt', 'action': 'invocation', 'label': 'end', 'context': [<snowplow_tracker.self_describing_json.SelfDescribingJson object at 0x7fa31ca389f0>, <snowplow_tracker.self_describing_json.SelfDescribingJson object at 0x7fa31d1fd770>, <snowplow_tracker.self_describing_json.SelfDescribingJson object at 0x7fa31d1fc0f0>]}
[0m18:31:39.646158 [debug] [MainThread]: Flushing usage events
[0m18:31:40.709869 [debug] [MainThread]: An error was encountered while trying to flush usage events
[0m18:31:51.710807 [debug] [MainThread]: Sending event: {'category': 'dbt', 'action': 'invocation', 'label': 'start', 'context': [<snowplow_tracker.self_describing_json.SelfDescribingJson object at 0x7f6819a25a90>, <snowplow_tracker.self_describing_json.SelfDescribingJson object at 0x7f6818567ed0>, <snowplow_tracker.self_describing_json.SelfDescribingJson object at 0x7f6818567b10>]}


============================== 18:31:51.715738 | 258ab296-31de-4c09-8c1a-6a0f865512c0 ==============================
[0m18:31:51.715738 [info ] [MainThread]: Running with dbt=1.12.0-rc1
[0m18:31:51.716618 [debug] [MainThread]: running dbt with arguments {'log_path': '/opt/airflow/dbt/logs', 'log_format': 'default', 'no_print': 'None', 'invocation_command': 'dbt test --select fact_social_total_investment', 'debug': 'False', 'cache_selected_only': 'False', 'partial_parse': 'True', 'use_colors': 'True', 'empty': 'None', 'log_cache_events': 'False', 'write_json': 'True', 'warn_error_options': 'WarnErrorOptionsV2(error=[], warn=[], silence=[])', 'maximum_seed_size_mib': '1', 'fail_fast': 'False', 'profiles_dir': '/opt/airflow/dbt', 'send_anonymous_usage_stats': 'True', 'indirect_selection': 'eager', 'version_check': 'True', 'quiet': 'False', 'warn_error': 'None', 'printer_width': '80', 'static_parser': 'True', 'target_path': 'None', 'use_experimental_parser': 'False', 'introspect': 'True'}
[0m18:31:51.858126 [debug] [MainThread]: Spark adapter: Setting pyhive.hive logging to ERROR
[0m18:31:51.859008 [debug] [MainThread]: Spark adapter: Setting thrift.transport logging to ERROR
[0m18:31:51.859726 [debug] [MainThread]: Spark adapter: Setting thrift.protocol logging to ERROR
[0m18:31:52.132840 [debug] [MainThread]: Sending event: {'category': 'dbt', 'action': 'project_id', 'label': '258ab296-31de-4c09-8c1a-6a0f865512c0', 'context': [<snowplow_tracker.self_describing_json.SelfDescribingJson object at 0x7f6819690c30>]}
[0m18:31:52.214717 [debug] [MainThread]: Sending event: {'category': 'dbt', 'action': 'adapter_info', 'label': '258ab296-31de-4c09-8c1a-6a0f865512c0', 'context': [<snowplow_tracker.self_describing_json.SelfDescribingJson object at 0x7f6819080c00>]}
[0m18:31:52.216293 [info ] [MainThread]: Registered adapter: spark=1.10.3
[0m18:31:52.286849 [debug] [MainThread]: checksum: 7a90b343ff7061e802f4d7a50f4dc99d530509d1c507002933ce076ca574a21f, vars: {}, profile: Vietnam_economic_lakehouse, target: spark, version: 1.12.0rc1
[0m18:31:52.622831 [debug] [MainThread]: Partial parsing enabled: 0 files deleted, 0 files added, 0 files changed.
[0m18:31:52.623546 [debug] [MainThread]: Nothing changed, skipping partial parsing.
[0m18:31:52.624096 [debug] [MainThread]: Partial parsing enabled, no changes found, skipping parsing
[0m18:31:52.689764 [debug] [MainThread]: Sending event: {'category': 'dbt', 'action': 'load_project', 'label': '258ab296-31de-4c09-8c1a-6a0f865512c0', 'context': [<snowplow_tracker.self_describing_json.SelfDescribingJson object at 0x7f68178a8650>]}
[0m18:31:52.853838 [debug] [MainThread]: Wrote artifact WritableManifest to /opt/airflow/dbt/target/manifest.json
[0m18:31:52.860309 [debug] [MainThread]: Wrote artifact SemanticManifest to /opt/airflow/dbt/target/semantic_manifest.json
[0m18:31:52.879390 [debug] [MainThread]: Wrote artifact OsiDocument to /opt/airflow/dbt/target/osi_document.json
[0m18:31:52.918204 [debug] [MainThread]: Sending event: {'category': 'dbt', 'action': 'resource_counts', 'label': '258ab296-31de-4c09-8c1a-6a0f865512c0', 'context': [<snowplow_tracker.self_describing_json.SelfDescribingJson object at 0x7f681773d4f0>]}
[0m18:31:52.918974 [info ] [MainThread]: Found 33 models, 53 data tests, 24 sources, 517 macros
[0m18:31:52.919740 [debug] [MainThread]: Sending event: {'category': 'dbt', 'action': 'runnable_timing', 'label': '258ab296-31de-4c09-8c1a-6a0f865512c0', 'context': [<snowplow_tracker.self_describing_json.SelfDescribingJson object at 0x7f68176611d0>]}
[0m18:31:52.923644 [info ] [MainThread]: 
[0m18:31:52.924484 [info ] [MainThread]: Concurrency: 4 threads (target='spark')
[0m18:31:52.925170 [info ] [MainThread]: 
[0m18:31:52.926246 [debug] [MainThread]: Acquiring new spark connection 'master'
[0m18:31:52.937980 [debug] [ThreadPool]: Acquiring new spark connection 'list_None_gold_staging'
[0m18:31:52.938890 [debug] [ThreadPool]: Acquiring new spark connection 'list_None_gold_gold'
[0m18:31:52.939658 [debug] [ThreadPool]: Acquiring new spark connection 'list_None_gold_marts'
[0m18:31:52.963970 [debug] [ThreadPool]: Spark adapter: NotImplemented: add_begin_query
[0m18:31:52.960569 [debug] [ThreadPool]: Spark adapter: NotImplemented: add_begin_query
[0m18:31:52.966440 [debug] [ThreadPool]: Spark adapter: NotImplemented: add_begin_query
[0m18:31:52.967190 [debug] [ThreadPool]: Using spark connection "list_None_gold_gold"
[0m18:31:52.968209 [debug] [ThreadPool]: Using spark connection "list_None_gold_staging"
[0m18:31:52.968936 [debug] [ThreadPool]: Using spark connection "list_None_gold_marts"
[0m18:31:52.969567 [debug] [ThreadPool]: On list_None_gold_gold: /* {"app": "dbt", "dbt_version": "1.12.0rc1", "profile_name": "Vietnam_economic_lakehouse", "target_name": "spark", "connection_name": "list_None_gold_gold"} */
show table extended in gold_gold like '*'
  
[0m18:31:52.970164 [debug] [ThreadPool]: On list_None_gold_staging: /* {"app": "dbt", "dbt_version": "1.12.0rc1", "profile_name": "Vietnam_economic_lakehouse", "target_name": "spark", "connection_name": "list_None_gold_staging"} */
show table extended in gold_staging like '*'
  
[0m18:31:52.970902 [debug] [ThreadPool]: On list_None_gold_marts: /* {"app": "dbt", "dbt_version": "1.12.0rc1", "profile_name": "Vietnam_economic_lakehouse", "target_name": "spark", "connection_name": "list_None_gold_marts"} */
show table extended in gold_marts like '*'
  
[0m18:31:52.971434 [debug] [ThreadPool]: Opening a new connection, currently in state init
[0m18:31:52.971938 [debug] [ThreadPool]: Opening a new connection, currently in state init
[0m18:31:52.972457 [debug] [ThreadPool]: Opening a new connection, currently in state init
[0m18:31:53.419565 [debug] [ThreadPool]: Spark adapter: Poll status: 2, query complete
[0m18:31:53.420513 [debug] [ThreadPool]: SQL status: OK in 0.449 seconds
[0m18:31:53.425484 [debug] [ThreadPool]: On list_None_gold_staging: ROLLBACK
[0m18:31:53.426525 [debug] [ThreadPool]: Spark adapter: NotImplemented: rollback
[0m18:31:53.427331 [debug] [ThreadPool]: On list_None_gold_staging: Close
[0m18:31:53.591176 [debug] [ThreadPool]: Spark adapter: Poll status: 2, query complete
[0m18:31:53.592011 [debug] [ThreadPool]: SQL status: OK in 0.619 seconds
[0m18:31:53.596692 [debug] [ThreadPool]: On list_None_gold_marts: ROLLBACK
[0m18:31:53.597510 [debug] [ThreadPool]: Spark adapter: NotImplemented: rollback
[0m18:31:53.598139 [debug] [ThreadPool]: On list_None_gold_marts: Close
[0m18:31:53.759474 [debug] [ThreadPool]: Spark adapter: Poll status: 2, query complete
[0m18:31:53.760309 [debug] [ThreadPool]: SQL status: OK in 0.789 seconds
[0m18:31:53.764893 [debug] [ThreadPool]: On list_None_gold_gold: ROLLBACK
[0m18:31:53.765623 [debug] [ThreadPool]: Spark adapter: NotImplemented: rollback
[0m18:31:53.766272 [debug] [ThreadPool]: On list_None_gold_gold: Close
[0m18:31:53.775200 [debug] [MainThread]: Sending event: {'category': 'dbt', 'action': 'runnable_timing', 'label': '258ab296-31de-4c09-8c1a-6a0f865512c0', 'context': [<snowplow_tracker.self_describing_json.SelfDescribingJson object at 0x7f68177476c0>]}
[0m18:31:53.776247 [debug] [MainThread]: Spark adapter: NotImplemented: add_begin_query
[0m18:31:53.776860 [debug] [MainThread]: Spark adapter: NotImplemented: commit
[0m18:31:53.780529 [debug] [Thread-1 (]: Began running node test.Vietnam_economic_lakehouse.not_null_fact_social_total_investment_fact_total_investment_key.943c5c2d99
[0m18:31:53.781103 [debug] [Thread-4 (]: Began running node test.Vietnam_economic_lakehouse.unique_fact_social_total_investment_fact_total_investment_key.b67ad2a46b
[0m18:31:53.781629 [debug] [Thread-3 (]: Began running node test.Vietnam_economic_lakehouse.relationships_fact_social_total_investment_time_key__time_key__ref_dim_time_.2950812d71
[0m18:31:53.782098 [debug] [Thread-2 (]: Began running node test.Vietnam_economic_lakehouse.not_null_fact_social_total_investment_time_key.d9d660986b
[0m18:31:53.782668 [info ] [Thread-1 (]: 1 of 4 START test not_null_fact_social_total_investment_fact_total_investment_key  [RUN]
[0m18:31:53.783560 [info ] [Thread-4 (]: 4 of 4 START test unique_fact_social_total_investment_fact_total_investment_key  [RUN]
[0m18:31:53.784546 [info ] [Thread-3 (]: 3 of 4 START test relationships_fact_social_total_investment_time_key__time_key__ref_dim_time_  [RUN]
[0m18:31:53.785314 [info ] [Thread-2 (]: 2 of 4 START test not_null_fact_social_total_investment_time_key ............... [RUN]
[0m18:31:53.786161 [debug] [Thread-1 (]: Re-using an available connection from the pool (formerly list_None_gold_gold, now test.Vietnam_economic_lakehouse.not_null_fact_social_total_investment_fact_total_investment_key.943c5c2d99)
[0m18:31:53.786963 [debug] [Thread-4 (]: Acquiring new spark connection 'test.Vietnam_economic_lakehouse.unique_fact_social_total_investment_fact_total_investment_key.b67ad2a46b'
[0m18:31:53.787723 [debug] [Thread-3 (]: Re-using an available connection from the pool (formerly list_None_gold_marts, now test.Vietnam_economic_lakehouse.relationships_fact_social_total_investment_time_key__time_key__ref_dim_time_.2950812d71)
[0m18:31:53.788473 [debug] [Thread-2 (]: Re-using an available connection from the pool (formerly list_None_gold_staging, now test.Vietnam_economic_lakehouse.not_null_fact_social_total_investment_time_key.d9d660986b)
[0m18:31:53.789162 [debug] [Thread-1 (]: Began compiling node test.Vietnam_economic_lakehouse.not_null_fact_social_total_investment_fact_total_investment_key.943c5c2d99
[0m18:31:53.789789 [debug] [Thread-4 (]: Began compiling node test.Vietnam_economic_lakehouse.unique_fact_social_total_investment_fact_total_investment_key.b67ad2a46b
[0m18:31:53.790426 [debug] [Thread-3 (]: Began compiling node test.Vietnam_economic_lakehouse.relationships_fact_social_total_investment_time_key__time_key__ref_dim_time_.2950812d71
[0m18:31:53.791041 [debug] [Thread-2 (]: Began compiling node test.Vietnam_economic_lakehouse.not_null_fact_social_total_investment_time_key.d9d660986b
[0m18:31:53.814095 [debug] [Thread-4 (]: Writing injected SQL for node "test.Vietnam_economic_lakehouse.unique_fact_social_total_investment_fact_total_investment_key.b67ad2a46b"
[0m18:31:53.820990 [debug] [Thread-1 (]: Writing injected SQL for node "test.Vietnam_economic_lakehouse.not_null_fact_social_total_investment_fact_total_investment_key.943c5c2d99"
[0m18:31:53.831303 [debug] [Thread-3 (]: Writing injected SQL for node "test.Vietnam_economic_lakehouse.relationships_fact_social_total_investment_time_key__time_key__ref_dim_time_.2950812d71"
[0m18:31:53.838030 [debug] [Thread-2 (]: Writing injected SQL for node "test.Vietnam_economic_lakehouse.not_null_fact_social_total_investment_time_key.d9d660986b"
[0m18:31:53.844509 [debug] [Thread-2 (]: Began executing node test.Vietnam_economic_lakehouse.not_null_fact_social_total_investment_time_key.d9d660986b
[0m18:31:53.845433 [debug] [Thread-4 (]: Began executing node test.Vietnam_economic_lakehouse.unique_fact_social_total_investment_fact_total_investment_key.b67ad2a46b
[0m18:31:53.851232 [debug] [Thread-1 (]: Began executing node test.Vietnam_economic_lakehouse.not_null_fact_social_total_investment_fact_total_investment_key.943c5c2d99
[0m18:31:53.867753 [debug] [Thread-3 (]: Began executing node test.Vietnam_economic_lakehouse.relationships_fact_social_total_investment_time_key__time_key__ref_dim_time_.2950812d71
[0m18:31:53.872607 [debug] [Thread-2 (]: Writing runtime sql for node "test.Vietnam_economic_lakehouse.not_null_fact_social_total_investment_time_key.d9d660986b"
[0m18:31:53.874825 [debug] [Thread-4 (]: Writing runtime sql for node "test.Vietnam_economic_lakehouse.unique_fact_social_total_investment_fact_total_investment_key.b67ad2a46b"
[0m18:31:53.878060 [debug] [Thread-1 (]: Writing runtime sql for node "test.Vietnam_economic_lakehouse.not_null_fact_social_total_investment_fact_total_investment_key.943c5c2d99"
[0m18:31:53.881171 [debug] [Thread-3 (]: Writing runtime sql for node "test.Vietnam_economic_lakehouse.relationships_fact_social_total_investment_time_key__time_key__ref_dim_time_.2950812d71"
[0m18:31:53.886664 [debug] [Thread-2 (]: Spark adapter: NotImplemented: add_begin_query
[0m18:31:53.887363 [debug] [Thread-1 (]: Spark adapter: NotImplemented: add_begin_query
[0m18:31:53.888022 [debug] [Thread-2 (]: Using spark connection "test.Vietnam_economic_lakehouse.not_null_fact_social_total_investment_time_key.d9d660986b"
[0m18:31:53.888708 [debug] [Thread-1 (]: Using spark connection "test.Vietnam_economic_lakehouse.not_null_fact_social_total_investment_fact_total_investment_key.943c5c2d99"
[0m18:31:53.889341 [debug] [Thread-4 (]: Spark adapter: NotImplemented: add_begin_query
[0m18:31:53.889922 [debug] [Thread-2 (]: On test.Vietnam_economic_lakehouse.not_null_fact_social_total_investment_time_key.d9d660986b: /* {"app": "dbt", "dbt_version": "1.12.0rc1", "profile_name": "Vietnam_economic_lakehouse", "target_name": "spark", "node_id": "test.Vietnam_economic_lakehouse.not_null_fact_social_total_investment_time_key.d9d660986b"} */

    
    select
      count(*) as failures,
      count(*) != 0 as should_warn,
      count(*) != 0 as should_error
    from (
      
    
  
    
    



select time_key
from gold_gold.fact_social_total_investment
where time_key is null



  
  
      
    ) dbt_internal_test
[0m18:31:53.890708 [debug] [Thread-3 (]: Spark adapter: NotImplemented: add_begin_query
[0m18:31:53.891283 [debug] [Thread-1 (]: On test.Vietnam_economic_lakehouse.not_null_fact_social_total_investment_fact_total_investment_key.943c5c2d99: /* {"app": "dbt", "dbt_version": "1.12.0rc1", "profile_name": "Vietnam_economic_lakehouse", "target_name": "spark", "node_id": "test.Vietnam_economic_lakehouse.not_null_fact_social_total_investment_fact_total_investment_key.943c5c2d99"} */

    
    select
      count(*) as failures,
      count(*) != 0 as should_warn,
      count(*) != 0 as should_error
    from (
      
    
  
    
    



select fact_total_investment_key
from gold_gold.fact_social_total_investment
where fact_total_investment_key is null



  
  
      
    ) dbt_internal_test
[0m18:31:53.892075 [debug] [Thread-4 (]: Using spark connection "test.Vietnam_economic_lakehouse.unique_fact_social_total_investment_fact_total_investment_key.b67ad2a46b"
[0m18:31:53.893019 [debug] [Thread-2 (]: Opening a new connection, currently in state closed
[0m18:31:53.893799 [debug] [Thread-3 (]: Using spark connection "test.Vietnam_economic_lakehouse.relationships_fact_social_total_investment_time_key__time_key__ref_dim_time_.2950812d71"
[0m18:31:53.894501 [debug] [Thread-1 (]: Opening a new connection, currently in state closed
[0m18:31:53.895182 [debug] [Thread-4 (]: On test.Vietnam_economic_lakehouse.unique_fact_social_total_investment_fact_total_investment_key.b67ad2a46b: /* {"app": "dbt", "dbt_version": "1.12.0rc1", "profile_name": "Vietnam_economic_lakehouse", "target_name": "spark", "node_id": "test.Vietnam_economic_lakehouse.unique_fact_social_total_investment_fact_total_investment_key.b67ad2a46b"} */

    
    select
      count(*) as failures,
      count(*) != 0 as should_warn,
      count(*) != 0 as should_error
    from (
      
    
  
    
    

select
    fact_total_investment_key as unique_field,
    count(*) as n_records

from gold_gold.fact_social_total_investment
where fact_total_investment_key is not null
group by fact_total_investment_key
having count(*) > 1



  
  
      
    ) dbt_internal_test
[0m18:31:53.896176 [debug] [Thread-3 (]: On test.Vietnam_economic_lakehouse.relationships_fact_social_total_investment_time_key__time_key__ref_dim_time_.2950812d71: /* {"app": "dbt", "dbt_version": "1.12.0rc1", "profile_name": "Vietnam_economic_lakehouse", "target_name": "spark", "node_id": "test.Vietnam_economic_lakehouse.relationships_fact_social_total_investment_time_key__time_key__ref_dim_time_.2950812d71"} */

    
    select
      count(*) as failures,
      count(*) != 0 as should_warn,
      count(*) != 0 as should_error
    from (
      
    
  
    
    

with child as (
    select time_key as from_field
    from gold_gold.fact_social_total_investment
    where time_key is not null
),

parent as (
    select time_key as to_field
    from gold_gold.dim_time
)

select
    from_field

from child
left join parent
    on child.from_field = parent.to_field

where parent.to_field is null



  
  
      
    ) dbt_internal_test
[0m18:31:53.897674 [debug] [Thread-4 (]: Opening a new connection, currently in state init
[0m18:31:53.898432 [debug] [Thread-3 (]: Opening a new connection, currently in state closed
[0m18:31:56.455354 [debug] [Thread-4 (]: Spark adapter: Poll status: 2, query complete
[0m18:31:56.456489 [debug] [Thread-4 (]: SQL status: OK in 2.559 seconds
[0m18:31:56.465672 [debug] [Thread-4 (]: On test.Vietnam_economic_lakehouse.unique_fact_social_total_investment_fact_total_investment_key.b67ad2a46b: ROLLBACK
[0m18:31:56.466860 [debug] [Thread-4 (]: Spark adapter: NotImplemented: rollback
[0m18:31:56.467892 [debug] [Thread-4 (]: On test.Vietnam_economic_lakehouse.unique_fact_social_total_investment_fact_total_investment_key.b67ad2a46b: Close
[0m18:31:56.476415 [info ] [Thread-4 (]: 4 of 4 PASS unique_fact_social_total_investment_fact_total_investment_key ...... [[32mPASS[0m in 2.69s]
[0m18:31:56.477995 [debug] [Thread-4 (]: Finished running node test.Vietnam_economic_lakehouse.unique_fact_social_total_investment_fact_total_investment_key.b67ad2a46b
[0m18:31:56.503770 [debug] [Thread-1 (]: Spark adapter: Poll status: 2, query complete
[0m18:31:56.504968 [debug] [Thread-1 (]: SQL status: OK in 2.610 seconds
[0m18:31:56.511610 [debug] [Thread-1 (]: On test.Vietnam_economic_lakehouse.not_null_fact_social_total_investment_fact_total_investment_key.943c5c2d99: ROLLBACK
[0m18:31:56.512824 [debug] [Thread-1 (]: Spark adapter: NotImplemented: rollback
[0m18:31:56.513684 [debug] [Thread-1 (]: On test.Vietnam_economic_lakehouse.not_null_fact_social_total_investment_fact_total_investment_key.943c5c2d99: Close
[0m18:31:56.516945 [debug] [Thread-2 (]: Spark adapter: Poll status: 2, query complete
[0m18:31:56.518892 [debug] [Thread-2 (]: SQL status: OK in 2.626 seconds
[0m18:31:56.518331 [info ] [Thread-1 (]: 1 of 4 PASS not_null_fact_social_total_investment_fact_total_investment_key .... [[32mPASS[0m in 2.73s]
[0m18:31:56.520483 [debug] [Thread-1 (]: Finished running node test.Vietnam_economic_lakehouse.not_null_fact_social_total_investment_fact_total_investment_key.943c5c2d99
[0m18:31:56.524544 [debug] [Thread-2 (]: On test.Vietnam_economic_lakehouse.not_null_fact_social_total_investment_time_key.d9d660986b: ROLLBACK
[0m18:31:56.525568 [debug] [Thread-2 (]: Spark adapter: NotImplemented: rollback
[0m18:31:56.526513 [debug] [Thread-2 (]: On test.Vietnam_economic_lakehouse.not_null_fact_social_total_investment_time_key.d9d660986b: Close
[0m18:31:56.534569 [info ] [Thread-2 (]: 2 of 4 PASS not_null_fact_social_total_investment_time_key ..................... [[32mPASS[0m in 2.75s]
[0m18:31:56.535991 [debug] [Thread-2 (]: Finished running node test.Vietnam_economic_lakehouse.not_null_fact_social_total_investment_time_key.d9d660986b
[0m18:31:57.111849 [debug] [Thread-3 (]: Spark adapter: Poll status: 2, query complete
[0m18:31:57.112755 [debug] [Thread-3 (]: SQL status: OK in 3.214 seconds
[0m18:31:57.116639 [debug] [Thread-3 (]: On test.Vietnam_economic_lakehouse.relationships_fact_social_total_investment_time_key__time_key__ref_dim_time_.2950812d71: ROLLBACK
[0m18:31:57.117522 [debug] [Thread-3 (]: Spark adapter: NotImplemented: rollback
[0m18:31:57.118325 [debug] [Thread-3 (]: On test.Vietnam_economic_lakehouse.relationships_fact_social_total_investment_time_key__time_key__ref_dim_time_.2950812d71: Close
[0m18:31:57.125106 [info ] [Thread-3 (]: 3 of 4 PASS relationships_fact_social_total_investment_time_key__time_key__ref_dim_time_  [[32mPASS[0m in 3.34s]
[0m18:31:57.126415 [debug] [Thread-3 (]: Finished running node test.Vietnam_economic_lakehouse.relationships_fact_social_total_investment_time_key__time_key__ref_dim_time_.2950812d71
[0m18:31:57.129080 [debug] [MainThread]: On master: ROLLBACK
[0m18:31:57.129961 [debug] [MainThread]: Opening a new connection, currently in state init
[0m18:31:57.150144 [debug] [MainThread]: Spark adapter: NotImplemented: rollback
[0m18:31:57.150964 [debug] [MainThread]: Spark adapter: NotImplemented: add_begin_query
[0m18:31:57.151631 [debug] [MainThread]: Spark adapter: NotImplemented: commit
[0m18:31:57.152234 [debug] [MainThread]: On master: ROLLBACK
[0m18:31:57.152876 [debug] [MainThread]: Spark adapter: NotImplemented: rollback
[0m18:31:57.153458 [debug] [MainThread]: On master: Close
[0m18:31:57.162202 [debug] [MainThread]: Connection 'master' was properly closed.
[0m18:31:57.163011 [debug] [MainThread]: Connection 'test.Vietnam_economic_lakehouse.not_null_fact_social_total_investment_time_key.d9d660986b' was properly closed.
[0m18:31:57.163690 [debug] [MainThread]: Connection 'test.Vietnam_economic_lakehouse.not_null_fact_social_total_investment_fact_total_investment_key.943c5c2d99' was properly closed.
[0m18:31:57.164305 [debug] [MainThread]: Connection 'test.Vietnam_economic_lakehouse.relationships_fact_social_total_investment_time_key__time_key__ref_dim_time_.2950812d71' was properly closed.
[0m18:31:57.164937 [debug] [MainThread]: Connection 'test.Vietnam_economic_lakehouse.unique_fact_social_total_investment_fact_total_investment_key.b67ad2a46b' was properly closed.
[0m18:31:57.165642 [info ] [MainThread]: 
[0m18:31:57.166364 [info ] [MainThread]: Finished running 4 data tests in 0 hours 0 minutes and 4.24 seconds (4.24s).
[0m18:31:57.168286 [debug] [MainThread]: Command end result
[0m18:31:57.259449 [debug] [MainThread]: Wrote artifact WritableManifest to /opt/airflow/dbt/target/manifest.json
[0m18:31:57.265849 [debug] [MainThread]: Wrote artifact SemanticManifest to /opt/airflow/dbt/target/semantic_manifest.json
[0m18:31:57.271979 [debug] [MainThread]: Wrote artifact OsiDocument to /opt/airflow/dbt/target/osi_document.json
[0m18:31:57.289309 [debug] [MainThread]: Wrote artifact RunExecutionResult to /opt/airflow/dbt/target/run_results.json
[0m18:31:57.290193 [info ] [MainThread]: 
[0m18:31:57.291431 [info ] [MainThread]: [32mCompleted successfully[0m
[0m18:31:57.292504 [info ] [MainThread]: 
[0m18:31:57.293383 [info ] [MainThread]: Done. PASS=4 WARN=0 ERROR=0 SKIP=0 NO-OP=0 REUSED=0 TOTAL=4
[0m18:31:57.294985 [debug] [MainThread]: Resource report: {"command_name": "test", "command_success": true, "command_wall_clock_time": 5.687227, "process_in_blocks": "10976", "process_kernel_time": 0.203764, "process_mem_max_rss": "148620", "process_out_blocks": "0", "process_user_time": 3.007946}
[0m18:31:57.296081 [debug] [MainThread]: Command `dbt test` succeeded at 18:31:57.295923 after 5.69 seconds
[0m18:31:57.296728 [debug] [MainThread]: Sending event: {'category': 'dbt', 'action': 'invocation', 'label': 'end', 'context': [<snowplow_tracker.self_describing_json.SelfDescribingJson object at 0x7f68187fb710>, <snowplow_tracker.self_describing_json.SelfDescribingJson object at 0x7f681782fc20>, <snowplow_tracker.self_describing_json.SelfDescribingJson object at 0x7f681782f120>]}
[0m18:31:57.297450 [debug] [MainThread]: Flushing usage events
[0m18:31:58.317965 [debug] [MainThread]: An error was encountered while trying to flush usage events
[0m19:34:00.104737 [debug] [MainThread]: Sending event: {'category': 'dbt', 'action': 'invocation', 'label': 'start', 'context': [<snowplow_tracker.self_describing_json.SelfDescribingJson object at 0x7fb09cb42660>, <snowplow_tracker.self_describing_json.SelfDescribingJson object at 0x7fb09b551310>, <snowplow_tracker.self_describing_json.SelfDescribingJson object at 0x7fb09b5539d0>]}


============================== 19:34:00.147783 | 107e9290-fb4e-460b-9294-da43736fa7e3 ==============================
[0m19:34:00.147783 [info ] [MainThread]: Running with dbt=1.12.0-rc1
[0m19:34:00.148637 [debug] [MainThread]: running dbt with arguments {'send_anonymous_usage_stats': 'True', 'cache_selected_only': 'False', 'log_format': 'default', 'quiet': 'False', 'empty': 'False', 'maximum_seed_size_mib': '1', 'partial_parse': 'True', 'log_path': '/opt/airflow/dbt/logs', 'write_json': 'True', 'use_colors': 'True', 'fail_fast': 'False', 'target_path': 'None', 'printer_width': '80', 'introspect': 'True', 'no_print': 'None', 'use_experimental_parser': 'False', 'profiles_dir': '/opt/airflow/dbt', 'indirect_selection': 'eager', 'static_parser': 'True', 'warn_error_options': 'WarnErrorOptionsV2(error=[], warn=[], silence=[])', 'warn_error': 'None', 'debug': 'False', 'version_check': 'True', 'log_cache_events': 'False', 'invocation_command': 'dbt run --select fact_social_total_investment'}
[0m19:34:00.323794 [debug] [MainThread]: Spark adapter: Setting pyhive.hive logging to ERROR
[0m19:34:00.324544 [debug] [MainThread]: Spark adapter: Setting thrift.transport logging to ERROR
[0m19:34:00.325171 [debug] [MainThread]: Spark adapter: Setting thrift.protocol logging to ERROR
[0m19:34:00.701087 [debug] [MainThread]: Sending event: {'category': 'dbt', 'action': 'project_id', 'label': '107e9290-fb4e-460b-9294-da43736fa7e3', 'context': [<snowplow_tracker.self_describing_json.SelfDescribingJson object at 0x7fb09c7e15b0>]}
[0m19:34:00.786539 [debug] [MainThread]: Sending event: {'category': 'dbt', 'action': 'adapter_info', 'label': '107e9290-fb4e-460b-9294-da43736fa7e3', 'context': [<snowplow_tracker.self_describing_json.SelfDescribingJson object at 0x7fb09ae96f10>]}
[0m19:34:00.788049 [info ] [MainThread]: Registered adapter: spark=1.10.3
[0m19:34:00.870686 [debug] [MainThread]: checksum: 7a90b343ff7061e802f4d7a50f4dc99d530509d1c507002933ce076ca574a21f, vars: {}, profile: Vietnam_economic_lakehouse, target: spark, version: 1.12.0rc1
[0m19:34:01.640054 [debug] [MainThread]: Partial parsing enabled: 0 files deleted, 0 files added, 1 files changed.
[0m19:34:01.641168 [debug] [MainThread]: Partial parsing: updated file: Vietnam_economic_lakehouse://models/facts/fact_social_total_investment.sql
[0m19:34:02.297969 [warn ] [MainThread]: [[33mWARNING[0m][MissingArgumentsPropertyInGenericTestDeprecation]: Deprecated
functionality
Found top-level arguments to test `relationships` defined on
'fact_social_total_investment' in package 'Vietnam_economic_lakehouse'
(models/schema.yml). Arguments to generic tests should be nested under the
`arguments` property.
[0m19:34:02.298899 [debug] [MainThread]: Sending event: {'category': 'dbt', 'action': 'deprecation', 'label': '107e9290-fb4e-460b-9294-da43736fa7e3', 'property_': 'warn', 'context': [<snowplow_tracker.self_describing_json.SelfDescribingJson object at 0x7fb09a973450>]}
[0m19:34:02.419508 [debug] [MainThread]: Sending event: {'category': 'dbt', 'action': 'load_project', 'label': '107e9290-fb4e-460b-9294-da43736fa7e3', 'context': [<snowplow_tracker.self_describing_json.SelfDescribingJson object at 0x7fb09a9f3020>]}
[0m19:34:02.588983 [debug] [MainThread]: Wrote artifact WritableManifest to /opt/airflow/dbt/target/manifest.json
[0m19:34:02.600703 [debug] [MainThread]: Wrote artifact SemanticManifest to /opt/airflow/dbt/target/semantic_manifest.json
[0m19:34:02.642406 [debug] [MainThread]: Wrote artifact OsiDocument to /opt/airflow/dbt/target/osi_document.json
[0m19:34:02.686547 [debug] [MainThread]: Sending event: {'category': 'dbt', 'action': 'resource_counts', 'label': '107e9290-fb4e-460b-9294-da43736fa7e3', 'context': [<snowplow_tracker.self_describing_json.SelfDescribingJson object at 0x7fb09a83b150>]}
[0m19:34:02.687443 [info ] [MainThread]: Found 33 models, 53 data tests, 24 sources, 517 macros
[0m19:34:02.688231 [debug] [MainThread]: Sending event: {'category': 'dbt', 'action': 'runnable_timing', 'label': '107e9290-fb4e-460b-9294-da43736fa7e3', 'context': [<snowplow_tracker.self_describing_json.SelfDescribingJson object at 0x7fb098c4b040>]}
[0m19:34:02.692907 [info ] [MainThread]: 
[0m19:34:02.693916 [info ] [MainThread]: Concurrency: 4 threads (target='spark')
[0m19:34:02.694627 [info ] [MainThread]: 
[0m19:34:02.695548 [debug] [MainThread]: Acquiring new spark connection 'master'
[0m19:34:02.696796 [debug] [ThreadPool]: Acquiring new spark connection 'list_schemas'
[0m19:34:02.710470 [debug] [ThreadPool]: Using spark connection "list_schemas"
[0m19:34:02.711342 [debug] [ThreadPool]: On list_schemas: /* {"app": "dbt", "dbt_version": "1.12.0rc1", "profile_name": "Vietnam_economic_lakehouse", "target_name": "spark", "connection_name": "list_schemas"} */

    show databases
  
[0m19:34:02.712115 [debug] [ThreadPool]: Opening a new connection, currently in state init
[0m19:34:02.879290 [debug] [ThreadPool]: Spark adapter: Poll status: 2, query complete
[0m19:34:02.880351 [debug] [ThreadPool]: SQL status: OK in 0.168 seconds
[0m19:34:02.885969 [debug] [ThreadPool]: On list_schemas: Close
[0m19:34:02.944349 [debug] [ThreadPool]: Re-using an available connection from the pool (formerly list_schemas, now list_None_gold_gold)
[0m19:34:02.945328 [debug] [ThreadPool]: Acquiring new spark connection 'list_None_gold_marts'
[0m19:34:02.951919 [debug] [ThreadPool]: Acquiring new spark connection 'list_None_gold_staging'
[0m19:34:02.952572 [debug] [ThreadPool]: Spark adapter: NotImplemented: add_begin_query
[0m19:34:02.955063 [debug] [ThreadPool]: Spark adapter: NotImplemented: add_begin_query
[0m19:34:02.957874 [debug] [ThreadPool]: Spark adapter: NotImplemented: add_begin_query
[0m19:34:02.958685 [debug] [ThreadPool]: Using spark connection "list_None_gold_gold"
[0m19:34:02.959418 [debug] [ThreadPool]: Using spark connection "list_None_gold_marts"
[0m19:34:02.960135 [debug] [ThreadPool]: Using spark connection "list_None_gold_staging"
[0m19:34:02.960860 [debug] [ThreadPool]: On list_None_gold_gold: /* {"app": "dbt", "dbt_version": "1.12.0rc1", "profile_name": "Vietnam_economic_lakehouse", "target_name": "spark", "connection_name": "list_None_gold_gold"} */
show table extended in gold_gold like '*'
  
[0m19:34:02.961663 [debug] [ThreadPool]: On list_None_gold_marts: /* {"app": "dbt", "dbt_version": "1.12.0rc1", "profile_name": "Vietnam_economic_lakehouse", "target_name": "spark", "connection_name": "list_None_gold_marts"} */
show table extended in gold_marts like '*'
  
[0m19:34:02.962411 [debug] [ThreadPool]: On list_None_gold_staging: /* {"app": "dbt", "dbt_version": "1.12.0rc1", "profile_name": "Vietnam_economic_lakehouse", "target_name": "spark", "connection_name": "list_None_gold_staging"} */
show table extended in gold_staging like '*'
  
[0m19:34:02.963057 [debug] [ThreadPool]: Opening a new connection, currently in state closed
[0m19:34:02.963602 [debug] [ThreadPool]: Opening a new connection, currently in state init
[0m19:34:02.964128 [debug] [ThreadPool]: Opening a new connection, currently in state init
[0m19:34:04.535693 [debug] [ThreadPool]: Spark adapter: Poll status: 2, query complete
[0m19:34:04.536488 [debug] [ThreadPool]: SQL status: OK in 1.573 seconds
[0m19:34:04.546559 [debug] [ThreadPool]: On list_None_gold_marts: ROLLBACK
[0m19:34:04.547363 [debug] [ThreadPool]: Spark adapter: NotImplemented: rollback
[0m19:34:04.548129 [debug] [ThreadPool]: On list_None_gold_marts: Close
[0m19:34:04.617586 [debug] [ThreadPool]: Spark adapter: Poll status: 2, query complete
[0m19:34:04.618439 [debug] [ThreadPool]: SQL status: OK in 1.654 seconds
[0m19:34:04.625040 [debug] [ThreadPool]: On list_None_gold_staging: ROLLBACK
[0m19:34:04.625951 [debug] [ThreadPool]: Spark adapter: NotImplemented: rollback
[0m19:34:04.626623 [debug] [ThreadPool]: On list_None_gold_staging: Close
[0m19:34:04.748507 [debug] [ThreadPool]: Spark adapter: Poll status: 2, query complete
[0m19:34:04.749327 [debug] [ThreadPool]: SQL status: OK in 1.786 seconds
[0m19:34:04.754667 [debug] [ThreadPool]: On list_None_gold_gold: ROLLBACK
[0m19:34:04.755471 [debug] [ThreadPool]: Spark adapter: NotImplemented: rollback
[0m19:34:04.756123 [debug] [ThreadPool]: On list_None_gold_gold: Close
[0m19:34:04.765993 [debug] [MainThread]: Sending event: {'category': 'dbt', 'action': 'runnable_timing', 'label': '107e9290-fb4e-460b-9294-da43736fa7e3', 'context': [<snowplow_tracker.self_describing_json.SelfDescribingJson object at 0x7fb098af2150>]}
[0m19:34:04.766906 [debug] [MainThread]: Spark adapter: NotImplemented: add_begin_query
[0m19:34:04.767604 [debug] [MainThread]: Spark adapter: NotImplemented: commit
[0m19:34:04.773111 [debug] [Thread-1 (]: Began running node model.Vietnam_economic_lakehouse.fact_social_total_investment
[0m19:34:04.774087 [info ] [Thread-1 (]: 1 of 1 START sql delta_table model gold_gold.fact_social_total_investment ...... [RUN]
[0m19:34:04.774976 [debug] [Thread-1 (]: Re-using an available connection from the pool (formerly list_None_gold_marts, now model.Vietnam_economic_lakehouse.fact_social_total_investment)
[0m19:34:04.775693 [debug] [Thread-1 (]: Began compiling node model.Vietnam_economic_lakehouse.fact_social_total_investment
[0m19:34:04.786479 [debug] [Thread-1 (]: Writing injected SQL for node "model.Vietnam_economic_lakehouse.fact_social_total_investment"
[0m19:34:04.792006 [debug] [Thread-1 (]: Began executing node model.Vietnam_economic_lakehouse.fact_social_total_investment
[0m19:34:04.806701 [debug] [Thread-1 (]: Creating schema "schema: "gold_gold"
"
[0m19:34:04.811618 [debug] [Thread-1 (]: Spark adapter: NotImplemented: add_begin_query
[0m19:34:04.812434 [debug] [Thread-1 (]: Using spark connection "model.Vietnam_economic_lakehouse.fact_social_total_investment"
[0m19:34:04.813168 [debug] [Thread-1 (]: On model.Vietnam_economic_lakehouse.fact_social_total_investment: /* {"app": "dbt", "dbt_version": "1.12.0rc1", "profile_name": "Vietnam_economic_lakehouse", "target_name": "spark", "node_id": "model.Vietnam_economic_lakehouse.fact_social_total_investment"} */
create schema if not exists gold_gold
  
[0m19:34:04.813863 [debug] [Thread-1 (]: Opening a new connection, currently in state closed
[0m19:34:04.865067 [debug] [Thread-1 (]: Spark adapter: Poll status: 2, query complete
[0m19:34:04.865879 [debug] [Thread-1 (]: SQL status: OK in 0.052 seconds
[0m19:34:04.867247 [debug] [Thread-1 (]: Spark adapter: NotImplemented: commit
[0m19:34:04.873120 [debug] [Thread-1 (]: Using spark connection "model.Vietnam_economic_lakehouse.fact_social_total_investment"
[0m19:34:04.873924 [debug] [Thread-1 (]: On model.Vietnam_economic_lakehouse.fact_social_total_investment: /* {"app": "dbt", "dbt_version": "1.12.0rc1", "profile_name": "Vietnam_economic_lakehouse", "target_name": "spark", "node_id": "model.Vietnam_economic_lakehouse.fact_social_total_investment"} */
drop table if exists gold_gold.fact_social_total_investment
[0m19:34:08.100996 [debug] [Thread-1 (]: Spark adapter: Poll status: 2, query complete
[0m19:34:08.101799 [debug] [Thread-1 (]: SQL status: OK in 3.227 seconds
[0m19:34:08.103488 [debug] [Thread-1 (]: Using spark connection "model.Vietnam_economic_lakehouse.fact_social_total_investment"
[0m19:34:08.104127 [debug] [Thread-1 (]: On model.Vietnam_economic_lakehouse.fact_social_total_investment: /* {"app": "dbt", "dbt_version": "1.12.0rc1", "profile_name": "Vietnam_economic_lakehouse", "target_name": "spark", "node_id": "model.Vietnam_economic_lakehouse.fact_social_total_investment"} */

        DROP TABLE IF EXISTS gold_gold.fact_social_total_investment
    
[0m19:34:08.126082 [debug] [Thread-1 (]: Spark adapter: Poll status: 2, query complete
[0m19:34:08.126925 [debug] [Thread-1 (]: SQL status: OK in 0.022 seconds
[0m19:34:08.128497 [debug] [Thread-1 (]: Writing runtime sql for node "model.Vietnam_economic_lakehouse.fact_social_total_investment"
[0m19:34:08.134920 [debug] [Thread-1 (]: Using spark connection "model.Vietnam_economic_lakehouse.fact_social_total_investment"
[0m19:34:08.135748 [debug] [Thread-1 (]: On model.Vietnam_economic_lakehouse.fact_social_total_investment: /* {"app": "dbt", "dbt_version": "1.12.0rc1", "profile_name": "Vietnam_economic_lakehouse", "target_name": "spark", "node_id": "model.Vietnam_economic_lakehouse.fact_social_total_investment"} */

        CREATE TABLE gold_gold.fact_social_total_investment
        USING DELTA
        AS
        

with base as (
    select
        cast(to_date(report_date) as date) as report_date,
        cast(year(to_date(report_date)) as int) as report_year,
        cast(quarter(to_date(report_date)) as int) as report_quarter,
        trim(capital_source_name) as capital_source_name,
        cast(unit_name as string) as unit,
        cast(investment_value as decimal(38,10)) as investment_value,
        period_grain,
        ingest_at
    from gold_staging.stg_social_total_investment
    where report_date is not null
      and capital_source_name is not null
),

joined as (
    select
        cast(dt.time_key as int) as time_key,
        b.report_date,
        b.report_year,
        b.report_quarter,
        cs.capital_source_key,
        b.unit,
        b.investment_value,
        b.period_grain,
        b.ingest_at
    from base b
    
    left join gold_gold.dim_time dt
        on b.report_date = dt.full_date
    left join gold_gold.dim_capital_source cs
        on b.capital_source_name = cs.source_name
    where dt.time_key is not null
      and cs.capital_source_key is not null
),

deduped as (
    select
        time_key,
        report_date,
        report_year,
        report_quarter,
        capital_source_key,
        unit,
        cast(max(investment_value) as decimal(38,10)) as investment_value,
        max(period_grain) as period_grain,
        max(ingest_at) as ingest_at
    from joined
    group by
        time_key,
        report_date,
        report_year,
        report_quarter,
        capital_source_key,
        unit
),

with_prev_quarter as (
    select
        cur.time_key,
        cur.report_date,
        cur.report_year,
        cur.report_quarter,
        cur.capital_source_key,
        cur.unit,
        cur.investment_value,
        prev.investment_value as investment_value_pre_quarter,
        cur.period_grain,
        cur.ingest_at
    from deduped cur
    left join deduped prev
        on cur.capital_source_key = prev.capital_source_key
       and cur.unit = prev.unit
       and (
            (
                cur.report_year = prev.report_year
                and cur.report_quarter = prev.report_quarter + 1
            )
            or
            (
                cur.report_year = prev.report_year + 1
                and cur.report_quarter = 1
                and prev.report_quarter = 4
            )
       )
),

with_prev_year as (
    select
        cur.time_key,
        cur.report_date,
        cur.report_year,
        cur.report_quarter,
        cur.capital_source_key,
        cur.unit,
        cur.investment_value,
        cur.investment_value_pre_quarter,
        prev.investment_value as investment_value_pre_year,
        cur.period_grain,
        cur.ingest_at
    from with_prev_quarter cur
    left join deduped prev
        on cur.capital_source_key = prev.capital_source_key
       and cur.unit = prev.unit
       and cur.report_year = prev.report_year + 1
       and cur.report_quarter = prev.report_quarter
),

final as (
    select
        
    abs(xxhash64(coalesce(cast(time_key as string), '__null__'), coalesce(cast(capital_source_key as string), '__null__'), coalesce(cast(unit as string), '__null__')))
 as fact_total_investment_key,

        cast(time_key as int) as time_key,
        cast(capital_source_key as int) as capital_source_key,
        cast(unit as string) as unit,

        cast(coalesce(investment_value, 0) as float) as investment_value,
        cast(coalesce(investment_value_pre_quarter, 0) as float) as investment_value_pre_quarter,
        cast(coalesce(investment_value_pre_year, 0) as float) as investment_value_pre_year,

        period_grain,
        current_timestamp() as created_at,
        ingest_at
    from with_prev_year
)

select * from final
    
[0m19:34:13.140254 [debug] [Thread-1 (]: Spark adapter: Poll status: 1, sleeping
[0m19:34:23.140282 [debug] [Thread-1 (]: Spark adapter: Poll status: 1, sleeping
[0m19:34:33.143444 [debug] [Thread-1 (]: Spark adapter: Poll status: 1, sleeping
[0m19:34:43.150083 [debug] [Thread-1 (]: Spark adapter: Poll status: 1, sleeping
[0m19:34:53.144006 [debug] [Thread-1 (]: Spark adapter: Poll status: 1, sleeping
[0m19:34:58.152131 [debug] [Thread-1 (]: Spark adapter: Poll status: 2, query complete
[0m19:34:58.153647 [debug] [Thread-1 (]: SQL status: OK in 50.030 seconds
[0m19:34:58.158367 [debug] [Thread-1 (]: On model.Vietnam_economic_lakehouse.fact_social_total_investment: ROLLBACK
[0m19:34:58.159053 [debug] [Thread-1 (]: Spark adapter: NotImplemented: rollback
[0m19:34:58.159705 [debug] [Thread-1 (]: On model.Vietnam_economic_lakehouse.fact_social_total_investment: Close
[0m19:34:58.207606 [debug] [Thread-1 (]: Sending event: {'category': 'dbt', 'action': 'run_model', 'label': '107e9290-fb4e-460b-9294-da43736fa7e3', 'context': [<snowplow_tracker.self_describing_json.SelfDescribingJson object at 0x7fb098c61180>]}
[0m19:34:58.209413 [info ] [Thread-1 (]: 1 of 1 OK created sql delta_table model gold_gold.fact_social_total_investment . [[32mOK[0m in 53.43s]
[0m19:34:58.210386 [debug] [Thread-1 (]: Finished running node model.Vietnam_economic_lakehouse.fact_social_total_investment
[0m19:34:58.214736 [debug] [MainThread]: On master: ROLLBACK
[0m19:34:58.215397 [debug] [MainThread]: Opening a new connection, currently in state init
[0m19:34:58.271379 [debug] [MainThread]: Spark adapter: NotImplemented: rollback
[0m19:34:58.272118 [debug] [MainThread]: Spark adapter: NotImplemented: add_begin_query
[0m19:34:58.272705 [debug] [MainThread]: Spark adapter: NotImplemented: commit
[0m19:34:58.273272 [debug] [MainThread]: On master: ROLLBACK
[0m19:34:58.273810 [debug] [MainThread]: Spark adapter: NotImplemented: rollback
[0m19:34:58.274428 [debug] [MainThread]: On master: Close
[0m19:34:58.278027 [debug] [MainThread]: Connection 'master' was properly closed.
[0m19:34:58.278901 [debug] [MainThread]: Connection 'list_None_gold_gold' was properly closed.
[0m19:34:58.279526 [debug] [MainThread]: Connection 'model.Vietnam_economic_lakehouse.fact_social_total_investment' was properly closed.
[0m19:34:58.280364 [debug] [MainThread]: Connection 'list_None_gold_staging' was properly closed.
[0m19:34:58.281302 [info ] [MainThread]: 
[0m19:34:58.282032 [info ] [MainThread]: Finished running 1 delta table model in 0 hours 0 minutes and 55.59 seconds (55.59s).
[0m19:34:58.283588 [debug] [MainThread]: Command end result
[0m19:34:58.375994 [debug] [MainThread]: Wrote artifact WritableManifest to /opt/airflow/dbt/target/manifest.json
[0m19:34:58.385692 [debug] [MainThread]: Wrote artifact SemanticManifest to /opt/airflow/dbt/target/semantic_manifest.json
[0m19:34:58.393182 [debug] [MainThread]: Wrote artifact OsiDocument to /opt/airflow/dbt/target/osi_document.json
[0m19:34:58.407220 [debug] [MainThread]: Wrote artifact RunExecutionResult to /opt/airflow/dbt/target/run_results.json
[0m19:34:58.407905 [info ] [MainThread]: 
[0m19:34:58.408797 [info ] [MainThread]: [32mCompleted successfully[0m
[0m19:34:58.409562 [info ] [MainThread]: 
[0m19:34:58.410472 [info ] [MainThread]: Done. PASS=1 WARN=0 ERROR=0 SKIP=0 NO-OP=0 REUSED=0 TOTAL=1
[0m19:34:58.411583 [warn ] [MainThread]: [[33mWARNING[0m][DeprecationsSummary]: Deprecated functionality
Summary of encountered deprecations:
- MissingArgumentsPropertyInGenericTestDeprecation: 1 occurrence
To see all deprecation instances instead of just the first occurrence of each,
run command again with the `--show-all-deprecations` flag. You may also need to
run with `--no-partial-parse` as some deprecations are only encountered during
parsing.
[0m19:34:58.414850 [debug] [MainThread]: Resource report: {"command_name": "run", "command_success": true, "command_wall_clock_time": 58.497643, "process_in_blocks": "109192", "process_kernel_time": 0.260865, "process_mem_max_rss": "155452", "process_out_blocks": "4768", "process_user_time": 3.852785}
[0m19:34:58.415905 [debug] [MainThread]: Command `dbt run` succeeded at 19:34:58.415680 after 58.50 seconds
[0m19:34:58.416795 [debug] [MainThread]: Sending event: {'category': 'dbt', 'action': 'invocation', 'label': 'end', 'context': [<snowplow_tracker.self_describing_json.SelfDescribingJson object at 0x7fb098c3bd90>, <snowplow_tracker.self_describing_json.SelfDescribingJson object at 0x7fb098c77b60>, <snowplow_tracker.self_describing_json.SelfDescribingJson object at 0x7fb098b3fb50>]}
[0m19:34:58.417768 [debug] [MainThread]: Flushing usage events
[0m19:34:59.501586 [debug] [MainThread]: An error was encountered while trying to flush usage events
[0m19:36:23.856287 [debug] [MainThread]: Sending event: {'category': 'dbt', 'action': 'invocation', 'label': 'start', 'context': [<snowplow_tracker.self_describing_json.SelfDescribingJson object at 0x7f238df11a90>, <snowplow_tracker.self_describing_json.SelfDescribingJson object at 0x7f238ca9fed0>, <snowplow_tracker.self_describing_json.SelfDescribingJson object at 0x7f238ca9fb10>]}


============================== 19:36:23.861677 | c970a3ba-cf5c-4920-94d5-fdb4fb7d4058 ==============================
[0m19:36:23.861677 [info ] [MainThread]: Running with dbt=1.12.0-rc1
[0m19:36:23.862619 [debug] [MainThread]: running dbt with arguments {'partial_parse': 'True', 'log_cache_events': 'False', 'version_check': 'True', 'use_colors': 'True', 'write_json': 'True', 'profiles_dir': '/opt/airflow/dbt', 'quiet': 'False', 'use_experimental_parser': 'False', 'log_path': '/opt/airflow/dbt/logs', 'warn_error_options': 'WarnErrorOptionsV2(error=[], warn=[], silence=[])', 'empty': 'False', 'invocation_command': 'dbt run --select mart_social_invest', 'fail_fast': 'False', 'send_anonymous_usage_stats': 'True', 'cache_selected_only': 'False', 'no_print': 'None', 'log_format': 'default', 'printer_width': '80', 'static_parser': 'True', 'maximum_seed_size_mib': '1', 'target_path': 'None', 'debug': 'False', 'warn_error': 'None', 'indirect_selection': 'eager', 'introspect': 'True'}
[0m19:36:24.059613 [debug] [MainThread]: Spark adapter: Setting pyhive.hive logging to ERROR
[0m19:36:24.060435 [debug] [MainThread]: Spark adapter: Setting thrift.transport logging to ERROR
[0m19:36:24.061255 [debug] [MainThread]: Spark adapter: Setting thrift.protocol logging to ERROR
[0m19:36:24.441413 [debug] [MainThread]: Sending event: {'category': 'dbt', 'action': 'project_id', 'label': 'c970a3ba-cf5c-4920-94d5-fdb4fb7d4058', 'context': [<snowplow_tracker.self_describing_json.SelfDescribingJson object at 0x7f238db84c30>]}
[0m19:36:24.523307 [debug] [MainThread]: Sending event: {'category': 'dbt', 'action': 'adapter_info', 'label': 'c970a3ba-cf5c-4920-94d5-fdb4fb7d4058', 'context': [<snowplow_tracker.self_describing_json.SelfDescribingJson object at 0x7f238d58cc00>]}
[0m19:36:24.524716 [info ] [MainThread]: Registered adapter: spark=1.10.3
[0m19:36:24.604906 [debug] [MainThread]: checksum: 7a90b343ff7061e802f4d7a50f4dc99d530509d1c507002933ce076ca574a21f, vars: {}, profile: Vietnam_economic_lakehouse, target: spark, version: 1.12.0rc1
[0m19:36:25.011024 [debug] [MainThread]: Partial parsing enabled: 0 files deleted, 0 files added, 0 files changed.
[0m19:36:25.011868 [debug] [MainThread]: Nothing changed, skipping partial parsing.
[0m19:36:25.012579 [debug] [MainThread]: Partial parsing enabled, no changes found, skipping parsing
[0m19:36:25.083702 [debug] [MainThread]: Sending event: {'category': 'dbt', 'action': 'load_project', 'label': 'c970a3ba-cf5c-4920-94d5-fdb4fb7d4058', 'context': [<snowplow_tracker.self_describing_json.SelfDescribingJson object at 0x7f238bdf0650>]}
[0m19:36:25.255273 [debug] [MainThread]: Wrote artifact WritableManifest to /opt/airflow/dbt/target/manifest.json
[0m19:36:25.261608 [debug] [MainThread]: Wrote artifact SemanticManifest to /opt/airflow/dbt/target/semantic_manifest.json
[0m19:36:25.289956 [debug] [MainThread]: Wrote artifact OsiDocument to /opt/airflow/dbt/target/osi_document.json
[0m19:36:25.324478 [debug] [MainThread]: Sending event: {'category': 'dbt', 'action': 'resource_counts', 'label': 'c970a3ba-cf5c-4920-94d5-fdb4fb7d4058', 'context': [<snowplow_tracker.self_describing_json.SelfDescribingJson object at 0x7f238bd26210>]}
[0m19:36:25.325298 [info ] [MainThread]: Found 33 models, 53 data tests, 24 sources, 517 macros
[0m19:36:25.326021 [debug] [MainThread]: Sending event: {'category': 'dbt', 'action': 'runnable_timing', 'label': 'c970a3ba-cf5c-4920-94d5-fdb4fb7d4058', 'context': [<snowplow_tracker.self_describing_json.SelfDescribingJson object at 0x7f238bbc3230>]}
[0m19:36:25.330586 [info ] [MainThread]: 
[0m19:36:25.331425 [info ] [MainThread]: Concurrency: 4 threads (target='spark')
[0m19:36:25.332129 [info ] [MainThread]: 
[0m19:36:25.333081 [debug] [MainThread]: Acquiring new spark connection 'master'
[0m19:36:25.334421 [debug] [ThreadPool]: Acquiring new spark connection 'list_schemas'
[0m19:36:25.349883 [debug] [ThreadPool]: Using spark connection "list_schemas"
[0m19:36:25.351255 [debug] [ThreadPool]: On list_schemas: /* {"app": "dbt", "dbt_version": "1.12.0rc1", "profile_name": "Vietnam_economic_lakehouse", "target_name": "spark", "connection_name": "list_schemas"} */

    show databases
  
[0m19:36:25.352108 [debug] [ThreadPool]: Opening a new connection, currently in state init
[0m19:36:25.452828 [debug] [ThreadPool]: Spark adapter: Poll status: 2, query complete
[0m19:36:25.453658 [debug] [ThreadPool]: SQL status: OK in 0.102 seconds
[0m19:36:25.459160 [debug] [ThreadPool]: On list_schemas: Close
[0m19:36:25.475926 [debug] [ThreadPool]: Re-using an available connection from the pool (formerly list_schemas, now list_None_gold_staging)
[0m19:36:25.482122 [debug] [ThreadPool]: Acquiring new spark connection 'list_None_gold_marts'
[0m19:36:25.483129 [debug] [ThreadPool]: Acquiring new spark connection 'list_None_gold_gold'
[0m19:36:25.484680 [debug] [ThreadPool]: Spark adapter: NotImplemented: add_begin_query
[0m19:36:25.486971 [debug] [ThreadPool]: Spark adapter: NotImplemented: add_begin_query
[0m19:36:25.490333 [debug] [ThreadPool]: Spark adapter: NotImplemented: add_begin_query
[0m19:36:25.491256 [debug] [ThreadPool]: Using spark connection "list_None_gold_staging"
[0m19:36:25.492055 [debug] [ThreadPool]: Using spark connection "list_None_gold_marts"
[0m19:36:25.492898 [debug] [ThreadPool]: Using spark connection "list_None_gold_gold"
[0m19:36:25.493628 [debug] [ThreadPool]: On list_None_gold_staging: /* {"app": "dbt", "dbt_version": "1.12.0rc1", "profile_name": "Vietnam_economic_lakehouse", "target_name": "spark", "connection_name": "list_None_gold_staging"} */
show table extended in gold_staging like '*'
  
[0m19:36:25.494231 [debug] [ThreadPool]: On list_None_gold_marts: /* {"app": "dbt", "dbt_version": "1.12.0rc1", "profile_name": "Vietnam_economic_lakehouse", "target_name": "spark", "connection_name": "list_None_gold_marts"} */
show table extended in gold_marts like '*'
  
[0m19:36:25.494806 [debug] [ThreadPool]: On list_None_gold_gold: /* {"app": "dbt", "dbt_version": "1.12.0rc1", "profile_name": "Vietnam_economic_lakehouse", "target_name": "spark", "connection_name": "list_None_gold_gold"} */
show table extended in gold_gold like '*'
  
[0m19:36:25.495518 [debug] [ThreadPool]: Opening a new connection, currently in state closed
[0m19:36:25.496261 [debug] [ThreadPool]: Opening a new connection, currently in state init
[0m19:36:25.496837 [debug] [ThreadPool]: Opening a new connection, currently in state init
[0m19:36:26.671937 [debug] [ThreadPool]: Spark adapter: Poll status: 2, query complete
[0m19:36:26.672934 [debug] [ThreadPool]: SQL status: OK in 1.177 seconds
[0m19:36:26.678988 [debug] [ThreadPool]: On list_None_gold_marts: ROLLBACK
[0m19:36:26.680007 [debug] [ThreadPool]: Spark adapter: NotImplemented: rollback
[0m19:36:26.680999 [debug] [ThreadPool]: On list_None_gold_marts: Close
[0m19:36:26.812776 [debug] [ThreadPool]: Spark adapter: Poll status: 2, query complete
[0m19:36:26.813942 [debug] [ThreadPool]: SQL status: OK in 1.318 seconds
[0m19:36:26.820896 [debug] [ThreadPool]: On list_None_gold_staging: ROLLBACK
[0m19:36:26.822121 [debug] [ThreadPool]: Spark adapter: NotImplemented: rollback
[0m19:36:26.823105 [debug] [ThreadPool]: On list_None_gold_staging: Close
[0m19:36:26.903834 [debug] [ThreadPool]: Spark adapter: Poll status: 2, query complete
[0m19:36:26.904617 [debug] [ThreadPool]: SQL status: OK in 1.408 seconds
[0m19:36:26.910029 [debug] [ThreadPool]: On list_None_gold_gold: ROLLBACK
[0m19:36:26.910862 [debug] [ThreadPool]: Spark adapter: NotImplemented: rollback
[0m19:36:26.911436 [debug] [ThreadPool]: On list_None_gold_gold: Close
[0m19:36:26.923324 [debug] [MainThread]: Sending event: {'category': 'dbt', 'action': 'runnable_timing', 'label': 'c970a3ba-cf5c-4920-94d5-fdb4fb7d4058', 'context': [<snowplow_tracker.self_describing_json.SelfDescribingJson object at 0x7f238bd2bd40>]}
[0m19:36:26.924338 [debug] [MainThread]: Spark adapter: NotImplemented: add_begin_query
[0m19:36:26.924988 [debug] [MainThread]: Spark adapter: NotImplemented: commit
[0m19:36:26.929965 [debug] [Thread-1 (]: Began running node model.Vietnam_economic_lakehouse.mart_social_invest
[0m19:36:26.930854 [info ] [Thread-1 (]: 1 of 1 START sql delta_table model gold_marts.mart_social_invest ............... [RUN]
[0m19:36:26.931611 [debug] [Thread-1 (]: Re-using an available connection from the pool (formerly list_None_gold_gold, now model.Vietnam_economic_lakehouse.mart_social_invest)
[0m19:36:26.932287 [debug] [Thread-1 (]: Began compiling node model.Vietnam_economic_lakehouse.mart_social_invest
[0m19:36:26.942434 [debug] [Thread-1 (]: Writing injected SQL for node "model.Vietnam_economic_lakehouse.mart_social_invest"
[0m19:36:26.947847 [debug] [Thread-1 (]: Began executing node model.Vietnam_economic_lakehouse.mart_social_invest
[0m19:36:26.963702 [debug] [Thread-1 (]: Creating schema "schema: "gold_marts"
"
[0m19:36:26.968421 [debug] [Thread-1 (]: Spark adapter: NotImplemented: add_begin_query
[0m19:36:26.969070 [debug] [Thread-1 (]: Using spark connection "model.Vietnam_economic_lakehouse.mart_social_invest"
[0m19:36:26.969638 [debug] [Thread-1 (]: On model.Vietnam_economic_lakehouse.mart_social_invest: /* {"app": "dbt", "dbt_version": "1.12.0rc1", "profile_name": "Vietnam_economic_lakehouse", "target_name": "spark", "node_id": "model.Vietnam_economic_lakehouse.mart_social_invest"} */
create schema if not exists gold_marts
  
[0m19:36:26.970188 [debug] [Thread-1 (]: Opening a new connection, currently in state closed
[0m19:36:27.004529 [debug] [Thread-1 (]: Spark adapter: Poll status: 2, query complete
[0m19:36:27.005275 [debug] [Thread-1 (]: SQL status: OK in 0.035 seconds
[0m19:36:27.006581 [debug] [Thread-1 (]: Spark adapter: NotImplemented: commit
[0m19:36:27.012284 [debug] [Thread-1 (]: Using spark connection "model.Vietnam_economic_lakehouse.mart_social_invest"
[0m19:36:27.012912 [debug] [Thread-1 (]: On model.Vietnam_economic_lakehouse.mart_social_invest: /* {"app": "dbt", "dbt_version": "1.12.0rc1", "profile_name": "Vietnam_economic_lakehouse", "target_name": "spark", "node_id": "model.Vietnam_economic_lakehouse.mart_social_invest"} */
drop table if exists gold_marts.mart_social_invest
[0m19:36:27.202670 [debug] [Thread-1 (]: Spark adapter: Poll status: 2, query complete
[0m19:36:27.203688 [debug] [Thread-1 (]: SQL status: OK in 0.190 seconds
[0m19:36:27.206165 [debug] [Thread-1 (]: Using spark connection "model.Vietnam_economic_lakehouse.mart_social_invest"
[0m19:36:27.207053 [debug] [Thread-1 (]: On model.Vietnam_economic_lakehouse.mart_social_invest: /* {"app": "dbt", "dbt_version": "1.12.0rc1", "profile_name": "Vietnam_economic_lakehouse", "target_name": "spark", "node_id": "model.Vietnam_economic_lakehouse.mart_social_invest"} */

        DROP TABLE IF EXISTS gold_marts.mart_social_invest
    
[0m19:36:27.224708 [debug] [Thread-1 (]: Spark adapter: Poll status: 2, query complete
[0m19:36:27.225497 [debug] [Thread-1 (]: SQL status: OK in 0.017 seconds
[0m19:36:27.227022 [debug] [Thread-1 (]: Writing runtime sql for node "model.Vietnam_economic_lakehouse.mart_social_invest"
[0m19:36:27.233862 [debug] [Thread-1 (]: Using spark connection "model.Vietnam_economic_lakehouse.mart_social_invest"
[0m19:36:27.234672 [debug] [Thread-1 (]: On model.Vietnam_economic_lakehouse.mart_social_invest: /* {"app": "dbt", "dbt_version": "1.12.0rc1", "profile_name": "Vietnam_economic_lakehouse", "target_name": "spark", "node_id": "model.Vietnam_economic_lakehouse.mart_social_invest"} */

        CREATE TABLE gold_marts.mart_social_invest
        USING DELTA
        AS
        

with fact as (
    select
        f.fact_total_investment_key,
        f.time_key,
        f.capital_source_key,
        f.unit,
        f.investment_value,
        f.investment_value_pre_quarter,
        f.investment_value_pre_year,
        f.period_grain,
        f.created_at,
        f.ingest_at,
        t.year as report_year,
        t.quarter as report_quarter
    from gold_gold.fact_social_total_investment f
    left join gold_gold.dim_time t
        on f.time_key = t.time_key
),

with_growth as (
    select
        *,
        case
            when investment_value_pre_quarter > 0
            then round(
                (
                    investment_value - investment_value_pre_quarter
                ) / investment_value_pre_quarter * 100,
                3
            )
            else 0
        end as qoq_growth_rate,

        case
            when investment_value_pre_year > 0
            then round(
                (
                    investment_value - investment_value_pre_year
                ) / investment_value_pre_year * 100,
                3
            )
            else 0
        end as yoy_growth_rate
    from fact
),

with_share as (
    select
        *,
        case
            when sum(investment_value) over (
                partition by report_year, report_quarter
            ) > 0
            then round(
                investment_value
                / sum(investment_value) over (
                    partition by report_year, report_quarter
                ) * 100,
                3
            )
            else 0
        end as source_share_pct
    from with_growth
)

select
    fact_total_investment_key,
    time_key,
    capital_source_key,
    unit,

    investment_value,
    investment_value_pre_quarter,
    investment_value_pre_year,

    cast(coalesce(qoq_growth_rate, 0) as float) as qoq_growth_rate,
    cast(coalesce(yoy_growth_rate, 0) as float) as yoy_growth_rate,
    cast(coalesce(source_share_pct, 0) as float) as source_share_pct,

    period_grain,
    created_at,
    ingest_at
from with_share
    
[0m19:36:29.873236 [debug] [Thread-1 (]: Spark adapter: Poll status: 2, query complete
[0m19:36:29.874072 [debug] [Thread-1 (]: SQL status: OK in 2.639 seconds
[0m19:36:29.877458 [debug] [Thread-1 (]: On model.Vietnam_economic_lakehouse.mart_social_invest: ROLLBACK
[0m19:36:29.878533 [debug] [Thread-1 (]: Spark adapter: NotImplemented: rollback
[0m19:36:29.879424 [debug] [Thread-1 (]: On model.Vietnam_economic_lakehouse.mart_social_invest: Close
[0m19:36:29.890320 [debug] [Thread-1 (]: Sending event: {'category': 'dbt', 'action': 'run_model', 'label': 'c970a3ba-cf5c-4920-94d5-fdb4fb7d4058', 'context': [<snowplow_tracker.self_describing_json.SelfDescribingJson object at 0x7f238bc304d0>]}
[0m19:36:29.891540 [info ] [Thread-1 (]: 1 of 1 OK created sql delta_table model gold_marts.mart_social_invest .......... [[32mOK[0m in 2.96s]
[0m19:36:29.892737 [debug] [Thread-1 (]: Finished running node model.Vietnam_economic_lakehouse.mart_social_invest
[0m19:36:29.895466 [debug] [MainThread]: On master: ROLLBACK
[0m19:36:29.896050 [debug] [MainThread]: Opening a new connection, currently in state init
[0m19:36:29.921243 [debug] [MainThread]: Spark adapter: NotImplemented: rollback
[0m19:36:29.922698 [debug] [MainThread]: Spark adapter: NotImplemented: add_begin_query
[0m19:36:29.923778 [debug] [MainThread]: Spark adapter: NotImplemented: commit
[0m19:36:29.924503 [debug] [MainThread]: On master: ROLLBACK
[0m19:36:29.925177 [debug] [MainThread]: Spark adapter: NotImplemented: rollback
[0m19:36:29.925753 [debug] [MainThread]: On master: Close
[0m19:36:29.929715 [debug] [MainThread]: Connection 'master' was properly closed.
[0m19:36:29.931430 [debug] [MainThread]: Connection 'list_None_gold_staging' was properly closed.
[0m19:36:29.932991 [debug] [MainThread]: Connection 'list_None_gold_marts' was properly closed.
[0m19:36:29.934003 [debug] [MainThread]: Connection 'model.Vietnam_economic_lakehouse.mart_social_invest' was properly closed.
[0m19:36:29.935688 [info ] [MainThread]: 
[0m19:36:29.936919 [info ] [MainThread]: Finished running 1 delta table model in 0 hours 0 minutes and 4.60 seconds (4.60s).
[0m19:36:29.938648 [debug] [MainThread]: Command end result
[0m19:36:30.028030 [debug] [MainThread]: Wrote artifact WritableManifest to /opt/airflow/dbt/target/manifest.json
[0m19:36:30.033407 [debug] [MainThread]: Wrote artifact SemanticManifest to /opt/airflow/dbt/target/semantic_manifest.json
[0m19:36:30.038587 [debug] [MainThread]: Wrote artifact OsiDocument to /opt/airflow/dbt/target/osi_document.json
[0m19:36:30.049675 [debug] [MainThread]: Wrote artifact RunExecutionResult to /opt/airflow/dbt/target/run_results.json
[0m19:36:30.050266 [info ] [MainThread]: 
[0m19:36:30.051063 [info ] [MainThread]: [32mCompleted successfully[0m
[0m19:36:30.051769 [info ] [MainThread]: 
[0m19:36:30.052419 [info ] [MainThread]: Done. PASS=1 WARN=0 ERROR=0 SKIP=0 NO-OP=0 REUSED=0 TOTAL=1
[0m19:36:30.054008 [debug] [MainThread]: Resource report: {"command_name": "run", "command_success": true, "command_wall_clock_time": 6.3075337, "process_in_blocks": "114200", "process_kernel_time": 0.237009, "process_mem_max_rss": "143764", "process_out_blocks": "0", "process_user_time": 2.962619}
[0m19:36:30.054772 [debug] [MainThread]: Command `dbt run` succeeded at 19:36:30.054639 after 6.31 seconds
[0m19:36:30.055522 [debug] [MainThread]: Sending event: {'category': 'dbt', 'action': 'invocation', 'label': 'end', 'context': [<snowplow_tracker.self_describing_json.SelfDescribingJson object at 0x7f238bb887e0>, <snowplow_tracker.self_describing_json.SelfDescribingJson object at 0x7f238bb99c70>, <snowplow_tracker.self_describing_json.SelfDescribingJson object at 0x7f238bb9bb10>]}
[0m19:36:30.056679 [debug] [MainThread]: Flushing usage events
[0m19:36:31.167754 [debug] [MainThread]: An error was encountered while trying to flush usage events
