==================== 2026-07-03T08:45:04.026308Z | 00000000-0000-0000-0000-000000000000 ====================
==================== 2026-07-03T08:45:04.034880Z | 5a4b02f0-21a3-45af-bfb3-03c8e5975285 ====================
08:45:04.035858 [info ]: Starting dbt LSP server
08:45:04.037221 [info ]: Connecting to LSP client on port 8000
08:45:04.043831 [info ]: Successfully connected to LSP client
08:45:04.044081 [info ]: Creating LSP service...
08:45:04.200918 [info ]: Creating LSP server...
08:45:04.200940 [info ]: Starting LSP server...
08:45:04.292455 [info ]: Loading profiles.yml
08:45:04.310000 [info ]: Loading profiles.yml
08:49:20.520937 [info ]: Loading profiles.yml
08:49:21.350859 [info ]: Loading profiles.yml
08:50:10.791433 [info ]: Loading profiles.yml
08:54:01.517272 [info ]: Loading profiles.yml
08:54:02.361334 [info ]: Loading profiles.yml
08:55:08.102255 [info ]: Loading profiles.yml
08:55:15.603124 [info ]: Loading profiles.yml
08:58:47.484952 [info ]: Loading profiles.yml
08:58:48.365342 [info ]: Loading profiles.yml
09:03:24.330890 [info ]: Loading profiles.yml
09:03:25.139876 [info ]: Loading profiles.yml
09:03:28.029958 [info ]: Loading profiles.yml
09:04:04.719599 [info ]: Loading profiles.yml
09:04:05.086476 [info ]: Loading profiles.yml
09:04:10.843529 [info ]: Loading profiles.yml
09:04:11.148292 [info ]: Loading profiles.yml
09:05:57.305807 [info ]: Loading profiles.yml
09:06:02.503884 [info ]: Loading profiles.yml
09:06:25.380376 [info ]: Loading profiles.yml
09:06:26.221351 [info ]: Loading profiles.yml
09:06:59.911462 [info ]: Loading profiles.yml
09:07:00.936891 [info ]: Loading profiles.yml
09:08:50.878532 [info ]: Loading profiles.yml
09:09:02.918353 [info ]: Loading profiles.yml
09:09:26.496315 [info ]: Loading profiles.yml
09:09:27.342874 [info ]: Loading profiles.yml
09:09:37.049026 [info ]: Loading profiles.yml
09:09:45.122952 [info ]: Loading profiles.yml
09:10:38.338265 [info ]: Loading profiles.yml
09:12:04.545678 [info ]: Loading profiles.yml
09:12:27.611550 [info ]: Loading profiles.yml
09:12:28.410936 [info ]: Loading profiles.yml
09:12:42.924852 [info ]: Loading profiles.yml
09:14:15.869574 [info ]: Loading profiles.yml
09:15:28.752959 [info ]: Loading profiles.yml
09:15:29.558528 [info ]: Loading profiles.yml
09:15:48.822997 [info ]: Loading profiles.yml
09:15:49.063903 [info ]: Loading profiles.yml
09:15:50.641130 [info ]: Loading profiles.yml
09:16:41.989871 [info ]: Loading profiles.yml
09:16:42.221992 [info ]: Loading profiles.yml
09:17:02.218945 [info ]: Loading profiles.yml
09:17:09.801793 [info ]: Loading profiles.yml
09:17:31.685896 [info ]: Loading profiles.yml
09:17:31.938087 [info ]: Loading profiles.yml
09:18:37.327736 [info ]: Loading profiles.yml
09:18:38.160906 [info ]: Loading profiles.yml
09:19:17.076496 [info ]: Loading profiles.yml
09:19:37.354288 [info ]: Loading profiles.yml
09:21:38.652279 [info ]: Loading profiles.yml
09:21:39.518245 [info ]: Loading profiles.yml
09:23:12.265796 [info ]: Loading profiles.yml
09:23:17.001264 [info ]: Loading profiles.yml
09:25:23.593195 [info ]: Loading profiles.yml
09:25:24.473787 [info ]: Loading profiles.yml
09:25:51.530941 [info ]: Loading profiles.yml
09:25:52.857311 [info ]: Loading profiles.yml
09:25:55.414024 [info ]: Loading profiles.yml
09:27:00.559575 [info ]: Loading profiles.yml
09:27:10.424615 [info ]: Loading profiles.yml
09:28:24.685313 [info ]: Loading profiles.yml
09:28:25.498051 [info ]: Loading profiles.yml
09:28:33.194137 [info ]: Loading profiles.yml
09:28:33.436257 [info ]: Loading profiles.yml
09:28:52.858425 [info ]: Loading profiles.yml
09:28:53.139650 [info ]: Loading profiles.yml
09:28:53.991675 [info ]: Loading profiles.yml
09:29:35.224378 [info ]: Loading profiles.yml
09:30:28.332289 [info ]: Loading profiles.yml
09:30:30.541276 [info ]: Loading profiles.yml
09:31:11.630194 [info ]: Loading profiles.yml
09:31:11.864052 [info ]: Loading profiles.yml
09:31:14.946317 [info ]: Loading profiles.yml
09:31:25.764847 [info ]: Loading profiles.yml
09:31:26.619055 [info ]: Loading profiles.yml
09:31:36.022269 [info ]: Loading profiles.yml
09:31:38.919171 [info ]: Loading profiles.yml
09:31:39.210989 [info ]: Loading profiles.yml
09:31:42.298401 [info ]: Loading profiles.yml
09:32:23.594230 [info ]: Loading profiles.yml
09:32:39.776526 [info ]: Loading profiles.yml
09:34:17.176503 [info ]: Loading profiles.yml
09:34:26.871531 [info ]: Loading profiles.yml
09:34:27.719603 [info ]: Loading profiles.yml
09:37:32.197753 [info ]: Loading profiles.yml
09:37:32.973708 [info ]: Loading profiles.yml
09:38:48.359928 [info ]: Loading profiles.yml
09:39:17.239359 [info ]: Loading profiles.yml
09:39:31.979037 [info ]: Loading profiles.yml
09:39:54.850113 [info ]: Loading profiles.yml
09:40:38.450735 [info ]: Loading profiles.yml
09:40:39.423283 [info ]: Loading profiles.yml
09:43:39.682749 [info ]: Loading profiles.yml
09:43:40.496392 [info ]: Loading profiles.yml
09:44:53.293854 [info ]: Loading profiles.yml
09:46:16.534680 [info ]: Loading profiles.yml
09:46:40.726455 [info ]: Loading profiles.yml
09:46:41.558094 [info ]: Loading profiles.yml
09:46:45.261918 [info ]: Loading profiles.yml
09:49:03.619323 [info ]: Loading profiles.yml
09:51:04.816855 [info ]: Loading profiles.yml
09:51:06.010392 [info ]: Loading profiles.yml
09:55:36.426216 [info ]: Loading profiles.yml
09:55:37.293220 [info ]: Loading profiles.yml
09:58:37.543205 [info ]: Loading profiles.yml
09:58:38.362406 [info ]: Loading profiles.yml
09:59:46.028667 [info ]: Loading profiles.yml
10:01:09.304573 [info ]: Loading profiles.yml
10:01:23.725161 [info ]: Loading profiles.yml
10:01:38.594587 [info ]: Loading profiles.yml
10:01:39.445331 [info ]: Loading profiles.yml
10:02:08.917518 [info ]: Loading profiles.yml
10:04:39.652413 [info ]: Loading profiles.yml
10:04:40.491716 [info ]: Loading profiles.yml
10:07:09.329796 [info ]: Loading profiles.yml
10:07:10.552155 [info ]: Loading profiles.yml
10:07:17.442468 [info ]: Loading profiles.yml
10:07:18.917280 [info ]: Loading profiles.yml
10:08:11.548445 [info ]: Loading profiles.yml
10:08:12.555027 [info ]: Loading profiles.yml
10:10:33.015516 [info ]: Loading profiles.yml
10:13:01.608593 [info ]: Loading profiles.yml
10:13:02.478008 [info ]: Loading profiles.yml
10:15:40.380549 [info ]: Loading profiles.yml
10:15:42.694126 [info ]: Loading profiles.yml
10:16:19.974955 [info ]: Loading profiles.yml
10:16:20.730762 [info ]: Loading profiles.yml
10:17:39.942271 [info ]: Loading profiles.yml
10:18:30.225440 [info ]: Loading profiles.yml
10:18:33.895991 [info ]: Loading profiles.yml
10:18:37.134471 [info ]: Loading profiles.yml
10:19:30.266599 [info ]: Loading profiles.yml
10:19:31.193262 [info ]: Loading profiles.yml
10:21:34.548113 [info ]: Loading profiles.yml
10:22:31.467819 [info ]: Loading profiles.yml
10:22:32.305401 [info ]: Loading profiles.yml
10:25:32.609281 [info ]: Loading profiles.yml
10:25:33.471134 [info ]: Loading profiles.yml
10:25:57.031438 [info ]: Loading profiles.yml
11:08:16.783945 [info ]: Loading profiles.yml
11:08:18.134653 [info ]: Loading profiles.yml
11:08:50.663379 [info ]: Loading profiles.yml
11:09:35.543789 [info ]: Loading profiles.yml
11:10:00.448545 [info ]: Loading profiles.yml
11:10:32.816848 [info ]: Loading profiles.yml
11:10:58.717896 [info ]: Loading profiles.yml
11:11:26.124809 [info ]: Loading profiles.yml
11:11:26.988757 [info ]: Loading profiles.yml
11:13:29.387117 [info ]: Loading profiles.yml
11:13:35.580208 [info ]: Loading profiles.yml
11:13:57.346909 [info ]: Loading profiles.yml
11:14:27.272828 [info ]: Loading profiles.yml
11:14:28.066002 [info ]: Loading profiles.yml
11:14:31.378458 [info ]: Loading profiles.yml
11:14:44.307327 [info ]: Loading profiles.yml
11:18:17.823573 [info ]: Loading profiles.yml
11:18:18.799998 [info ]: Loading profiles.yml
11:21:19.027660 [info ]: Loading profiles.yml
11:21:19.841622 [info ]: Loading profiles.yml
11:21:44.039568 [info ]: Loading profiles.yml
11:21:56.700356 [info ]: Loading profiles.yml
11:22:09.915480 [info ]: Loading profiles.yml
11:22:09.927643 [info ]: Loading profiles.yml
11:24:20.089319 [info ]: Loading profiles.yml
11:24:20.872411 [info ]: Loading profiles.yml
11:25:10.710323 [info ]: Loading profiles.yml
11:25:14.121779 [info ]: Loading profiles.yml
11:25:15.099012 [info ]: Loading profiles.yml
11:25:22.213282 [info ]: Loading profiles.yml
11:25:26.678747 [info ]: Loading profiles.yml
11:25:28.257026 [info ]: Loading profiles.yml
11:26:12.943815 [info ]: Loading profiles.yml
11:26:28.832040 [info ]: Loading profiles.yml
11:27:21.116002 [info ]: Loading profiles.yml
11:27:21.933001 [info ]: Loading profiles.yml
11:27:42.197377 [info ]: Loading profiles.yml
11:27:51.267174 [info ]: Loading profiles.yml
11:29:12.398787 [info ]: Loading profiles.yml
11:30:10.431634 [info ]: Loading profiles.yml
11:30:22.191967 [info ]: Loading profiles.yml
11:30:23.024539 [info ]: Loading profiles.yml
11:30:58.364271 [info ]: Loading profiles.yml
11:30:59.738689 [info ]: Loading profiles.yml
11:32:22.663649 [info ]: Loading profiles.yml
11:32:34.371727 [info ]: Loading profiles.yml
11:32:56.342066 [info ]: Loading profiles.yml
11:33:07.468354 [info ]: Loading profiles.yml
11:33:10.387085 [info ]: Loading profiles.yml
11:33:11.188560 [info ]: Loading profiles.yml
11:33:14.483523 [info ]: Loading profiles.yml
11:33:30.417640 [info ]: Loading profiles.yml
11:33:30.646325 [info ]: Loading profiles.yml
11:33:31.499500 [info ]: Loading profiles.yml
11:33:37.203155 [info ]: Loading profiles.yml
11:33:49.994642 [info ]: Loading profiles.yml
11:34:00.973533 [info ]: Loading profiles.yml
11:34:02.410658 [info ]: Loading profiles.yml
11:34:04.307861 [info ]: Loading profiles.yml
11:34:13.295802 [info ]: Loading profiles.yml
11:34:59.019131 [info ]: Loading profiles.yml
11:35:07.917210 [info ]: Loading profiles.yml
11:36:57.045938 [info ]: Loading profiles.yml
11:36:57.887310 [info ]: Loading profiles.yml
11:37:21.024142 [info ]: Loading profiles.yml
11:37:49.136275 [info ]: Loading profiles.yml
11:38:04.081185 [info ]: Loading profiles.yml
11:39:58.107445 [info ]: Loading profiles.yml
11:39:58.924449 [info ]: Loading profiles.yml
11:40:04.577491 [info ]: Loading profiles.yml
11:40:21.044671 [info ]: Loading profiles.yml
11:40:33.330712 [info ]: Loading profiles.yml
11:40:41.681877 [info ]: Loading profiles.yml
11:41:58.302438 [info ]: Loading profiles.yml
11:42:59.139048 [info ]: Loading profiles.yml
11:42:59.951269 [info ]: Loading profiles.yml
11:50:13.104536 [info ]: Loading profiles.yml
11:50:13.921486 [info ]: Loading profiles.yml
11:53:43.733114 [info ]: Loading profiles.yml
11:53:44.699486 [info ]: Loading profiles.yml
11:57:09.865383 [info ]: Loading profiles.yml
11:57:10.855625 [info ]: Loading profiles.yml
11:57:14.450271 [info ]: Loading profiles.yml
11:57:26.867967 [info ]: Loading profiles.yml
11:57:32.905933 [info ]: Loading profiles.yml
11:57:49.984532 [info ]: Loading profiles.yml
11:58:35.202850 [info ]: Loading profiles.yml
12:00:58.054747 [info ]: Loading profiles.yml
12:00:59.078892 [info ]: Loading profiles.yml
12:01:20.930660 [info ]: Loading profiles.yml
12:01:22.419080 [info ]: Loading profiles.yml
12:01:32.897528 [info ]: Loading profiles.yml
12:04:02.810088 [info ]: Loading profiles.yml
12:04:03.840748 [info ]: Loading profiles.yml
12:06:08.921496 [info ]: Loading profiles.yml
12:06:31.873548 [info ]: Loading profiles.yml
12:07:04.152880 [info ]: Loading profiles.yml
12:07:05.084227 [info ]: Loading profiles.yml
12:10:05.411072 [info ]: Loading profiles.yml
12:10:06.315636 [info ]: Loading profiles.yml
12:10:32.175925 [info ]: Loading profiles.yml
12:19:32.998828 [info ]: Loading profiles.yml
12:19:33.828804 [info ]: Loading profiles.yml
12:20:24.323754 [info ]: Loading profiles.yml
12:20:44.758343 [info ]: Loading profiles.yml
12:20:50.440837 [info ]: Loading profiles.yml
12:20:53.787642 [info ]: Loading profiles.yml
12:21:06.634010 [info ]: Loading profiles.yml
12:22:38.672624 [info ]: Loading profiles.yml
12:22:39.488024 [info ]: Loading profiles.yml
12:25:43.614411 [info ]: Loading profiles.yml
12:25:44.477679 [info ]: Loading profiles.yml
12:28:44.737859 [info ]: Loading profiles.yml
12:28:45.560181 [info ]: Loading profiles.yml
12:33:30.067361 [info ]: Loading profiles.yml
12:33:30.924881 [info ]: Loading profiles.yml
12:34:16.676064 [info ]: Loading profiles.yml
12:36:31.151017 [info ]: Loading profiles.yml
12:36:32.325934 [info ]: Loading profiles.yml
12:39:32.564675 [info ]: Loading profiles.yml
12:39:33.437266 [info ]: Loading profiles.yml
12:42:33.699213 [info ]: Loading profiles.yml
12:42:34.932306 [info ]: Loading profiles.yml
12:45:35.217209 [info ]: Loading profiles.yml
12:45:36.038717 [info ]: Loading profiles.yml
12:55:12.652464 [info ]: Loading profiles.yml
12:57:56.358254 [info ]: Loading profiles.yml
12:57:57.221398 [info ]: Loading profiles.yml
13:01:23.804801 [info ]: Loading profiles.yml
13:01:24.653077 [info ]: Loading profiles.yml
13:04:15.186829 [info ]: Loading profiles.yml
13:04:35.126314 [info ]: Loading profiles.yml
13:04:36.031103 [info ]: Loading profiles.yml
13:04:57.793934 [info ]: Loading profiles.yml
13:05:07.594534 [info ]: Loading profiles.yml
13:05:15.984147 [info ]: Loading profiles.yml
13:05:21.386119 [info ]: Loading profiles.yml
13:05:33.435340 [info ]: Loading profiles.yml
13:06:27.883492 [info ]: Loading profiles.yml
13:08:18.415772 [info ]: Loading profiles.yml
13:08:19.269665 [info ]: Loading profiles.yml
13:11:51.823425 [info ]: Loading profiles.yml
13:11:52.760110 [info ]: Loading profiles.yml
13:12:16.281065 [info ]: Loading profiles.yml
13:12:27.341363 [info ]: Loading profiles.yml
13:13:40.671403 [info ]: Loading profiles.yml
13:14:31.430231 [info ]: Loading profiles.yml
13:15:18.159784 [info ]: Loading profiles.yml
13:15:19.007975 [info ]: Loading profiles.yml
13:16:56.058148 [info ]: Loading profiles.yml
13:18:38.283349 [info ]: Loading profiles.yml
13:18:39.099254 [info ]: Loading profiles.yml
13:21:52.474607 [info ]: Loading profiles.yml
13:21:53.364955 [info ]: Loading profiles.yml
13:23:14.240237 [info ]: Loading profiles.yml
13:23:50.462157 [info ]: Loading profiles.yml
13:24:03.077754 [info ]: Loading profiles.yml
13:24:03.332523 [info ]: Loading profiles.yml
13:24:17.470151 [info ]: Loading profiles.yml
13:24:58.527997 [info ]: Loading profiles.yml
13:24:59.321639 [info ]: Loading profiles.yml
13:25:02.909376 [info ]: Loading profiles.yml
13:25:03.155836 [info ]: Loading profiles.yml
13:25:06.561462 [info ]: Loading profiles.yml
13:25:11.218735 [info ]: Loading profiles.yml
13:25:42.200467 [info ]: Loading profiles.yml
13:26:02.980798 [info ]: Loading profiles.yml
13:26:08.164709 [info ]: Loading profiles.yml
13:26:40.315213 [info ]: Loading profiles.yml
13:26:46.002598 [info ]: Loading profiles.yml
13:27:05.324107 [info ]: Loading profiles.yml
13:27:08.136382 [info ]: Loading profiles.yml
13:27:15.070531 [info ]: Loading profiles.yml
13:27:58.107438 [info ]: Loading profiles.yml
13:28:08.740740 [info ]: Loading profiles.yml
13:29:33.803678 [info ]: Loading profiles.yml
13:29:34.699361 [info ]: Loading profiles.yml
13:32:39.412995 [info ]: Loading profiles.yml
13:32:40.274096 [info ]: Loading profiles.yml
13:33:19.026728 [info ]: Loading profiles.yml
13:35:44.945719 [info ]: Loading profiles.yml
13:35:45.766363 [info ]: Loading profiles.yml
13:37:05.575655 [info ]: Loading profiles.yml
13:37:22.634155 [info ]: Loading profiles.yml
13:37:40.750659 [info ]: Loading profiles.yml
13:37:54.269603 [info ]: Loading profiles.yml
13:38:30.373061 [info ]: Loading profiles.yml
13:38:36.102691 [info ]: Loading profiles.yml
13:38:36.916258 [info ]: Loading profiles.yml
13:38:53.722155 [info ]: Loading profiles.yml
13:38:56.756427 [info ]: Loading profiles.yml
13:39:06.548724 [info ]: Loading profiles.yml
13:39:06.884438 [info ]: Loading profiles.yml
13:39:07.483739 [info ]: Loading profiles.yml
13:39:07.866542 [info ]: Loading profiles.yml
13:39:08.152450 [info ]: Loading profiles.yml
13:39:13.851414 [info ]: Loading profiles.yml
13:39:14.899015 [info ]: Loading profiles.yml
13:39:17.578005 [info ]: Loading profiles.yml
13:39:18.013228 [info ]: Loading profiles.yml
13:39:22.108612 [info ]: Loading profiles.yml
13:39:22.518559 [info ]: Loading profiles.yml
13:39:23.051293 [info ]: Loading profiles.yml
13:39:23.375074 [info ]: Loading profiles.yml
13:39:24.141385 [info ]: Loading profiles.yml
13:39:24.507556 [info ]: Loading profiles.yml
13:39:25.398508 [info ]: Loading profiles.yml
13:39:25.707318 [info ]: Loading profiles.yml
13:39:26.394631 [info ]: Loading profiles.yml
13:39:26.840000 [info ]: Loading profiles.yml
13:39:40.373286 [info ]: Loading profiles.yml
13:39:40.866520 [info ]: Loading profiles.yml
13:42:18.691033 [info ]: Loading profiles.yml
13:42:19.546238 [info ]: Loading profiles.yml
13:44:18.726032 [info ]: Loading profiles.yml
13:44:29.988626 [info ]: Loading profiles.yml
13:44:40.800502 [info ]: Loading profiles.yml
13:45:29.996051 [info ]: Loading profiles.yml
13:45:30.841176 [info ]: Loading profiles.yml
13:48:14.593295 [info ]: Loading profiles.yml
13:48:15.315333 [info ]: Loading profiles.yml
13:48:16.457441 [info ]: Loading profiles.yml
13:48:16.913767 [info ]: Loading profiles.yml
13:48:18.294391 [info ]: Loading profiles.yml
13:48:18.678340 [info ]: Loading profiles.yml
13:48:25.154041 [info ]: Loading profiles.yml
13:48:25.903996 [info ]: Loading profiles.yml
13:48:27.006767 [info ]: Loading profiles.yml
13:48:27.446192 [info ]: Loading profiles.yml
13:48:30.723469 [info ]: Loading profiles.yml
13:48:31.311176 [info ]: Loading profiles.yml
13:48:31.771911 [info ]: Loading profiles.yml
13:48:32.835428 [info ]: Loading profiles.yml
13:48:33.142984 [info ]: Loading profiles.yml
13:48:33.984044 [info ]: Loading profiles.yml
13:48:34.258030 [info ]: Loading profiles.yml
13:48:35.918794 [info ]: Loading profiles.yml
13:48:36.332177 [info ]: Loading profiles.yml
13:48:39.106475 [info ]: Loading profiles.yml
13:48:40.236928 [info ]: Loading profiles.yml
13:48:41.232172 [info ]: Loading profiles.yml
13:48:44.289837 [info ]: Loading profiles.yml
13:48:44.731681 [info ]: Loading profiles.yml
13:48:49.419808 [info ]: Loading profiles.yml
13:48:49.910440 [info ]: Loading profiles.yml
13:48:56.357164 [info ]: Loading profiles.yml
13:48:56.756715 [info ]: Loading profiles.yml
13:50:00.209233 [info ]: Loading profiles.yml
13:50:00.506996 [info ]: Loading profiles.yml
13:51:07.535239 [info ]: Loading profiles.yml
13:52:53.051758 [info ]: Loading profiles.yml
13:52:53.859530 [info ]: Loading profiles.yml
13:52:54.470077 [info ]: Loading profiles.yml
13:52:54.876620 [info ]: Loading profiles.yml
13:53:28.282769 [info ]: Loading profiles.yml
13:54:09.806955 [info ]: Loading profiles.yml
13:54:16.488525 [info ]: Loading profiles.yml
13:54:18.264631 [info ]: Loading profiles.yml
13:54:49.481952 [info ]: Loading profiles.yml
13:55:09.729736 [info ]: Loading profiles.yml
13:55:34.120699 [info ]: Loading profiles.yml
13:55:41.390197 [info ]: Loading profiles.yml
13:55:54.101459 [info ]: Loading profiles.yml
13:55:54.912866 [info ]: Loading profiles.yml
13:56:42.822834 [info ]: Loading profiles.yml
13:56:58.741656 [info ]: Loading profiles.yml
13:58:12.349844 [info ]: Loading profiles.yml
13:58:19.445777 [info ]: Loading profiles.yml
13:58:55.127799 [info ]: Loading profiles.yml
13:58:56.027008 [info ]: Loading profiles.yml
14:00:23.104637 [info ]: Loading profiles.yml
14:00:29.495356 [info ]: Loading profiles.yml
14:00:46.805029 [info ]: Loading profiles.yml
14:01:59.020672 [info ]: Loading profiles.yml
14:01:59.874780 [info ]: Loading profiles.yml
14:02:14.900603 [info ]: Loading profiles.yml
14:02:27.423959 [info ]: Loading profiles.yml
14:02:49.827273 [info ]: Loading profiles.yml
14:04:41.602686 [info ]: Loading profiles.yml
14:05:33.348001 [info ]: Loading profiles.yml
14:05:34.233818 [info ]: Loading profiles.yml
14:07:27.051168 [info ]: Loading profiles.yml
14:07:28.677310 [info ]: Loading profiles.yml
14:07:37.468109 [info ]: Loading profiles.yml
14:07:58.415081 [info ]: Loading profiles.yml
14:08:10.663355 [info ]: Loading profiles.yml
14:08:17.019195 [info ]: Loading profiles.yml
14:08:34.509627 [info ]: Loading profiles.yml
14:08:35.510914 [info ]: Loading profiles.yml
14:08:46.922767 [info ]: Loading profiles.yml
14:09:39.120502 [info ]: Loading profiles.yml
14:09:54.616124 [info ]: Loading profiles.yml
14:10:42.939584 [info ]: Loading profiles.yml
14:13:00.325787 [info ]: Loading profiles.yml
14:13:01.579872 [info ]: Loading profiles.yml
14:13:04.267950 [info ]: Loading profiles.yml
14:13:08.306182 [info ]: Loading profiles.yml
14:13:17.028539 [info ]: Loading profiles.yml
14:13:24.080526 [info ]: Loading profiles.yml
14:13:26.129668 [info ]: Loading profiles.yml
14:15:02.258355 [info ]: Loading profiles.yml
14:15:20.140079 [info ]: Loading profiles.yml
14:15:45.378229 [info ]: Loading profiles.yml
14:16:11.496108 [info ]: Loading profiles.yml
14:16:12.332593 [info ]: Loading profiles.yml
14:16:28.184028 [info ]: Loading profiles.yml
14:16:38.151162 [info ]: Loading profiles.yml
14:17:02.105769 [info ]: Loading profiles.yml
14:17:40.898408 [info ]: Loading profiles.yml
14:17:51.996065 [info ]: Loading profiles.yml
14:18:04.657304 [info ]: Loading profiles.yml
14:19:29.566689 [info ]: Loading profiles.yml
14:22:15.414392 [info ]: Loading profiles.yml
14:22:16.197715 [info ]: Loading profiles.yml
14:23:32.109081 [info ]: Loading profiles.yml
14:25:16.461637 [info ]: Loading profiles.yml
14:25:17.596310 [info ]: Loading profiles.yml
14:28:43.657337 [info ]: Loading profiles.yml
14:29:21.774335 [info ]: Loading profiles.yml
14:29:22.622542 [info ]: Loading profiles.yml
14:29:48.457863 [info ]: Loading profiles.yml
14:29:52.659136 [info ]: Loading profiles.yml
14:30:40.687650 [info ]: Loading profiles.yml
14:30:56.976061 [info ]: Loading profiles.yml
14:30:59.393432 [info ]: Loading profiles.yml
14:31:00.721819 [info ]: Loading profiles.yml
14:31:01.788786 [info ]: Loading profiles.yml
14:31:02.167435 [info ]: Loading profiles.yml
14:31:54.414114 [info ]: Loading profiles.yml
14:31:57.176332 [info ]: Loading profiles.yml
14:32:03.651484 [info ]: Loading profiles.yml
14:32:17.686493 [info ]: Loading profiles.yml
14:32:30.081857 [info ]: Loading profiles.yml
14:32:31.079960 [info ]: Loading profiles.yml
14:32:47.500419 [info ]: Loading profiles.yml
14:32:57.248090 [info ]: Loading profiles.yml
14:32:58.750063 [info ]: Loading profiles.yml
14:32:59.525173 [info ]: Loading profiles.yml
14:32:59.949428 [info ]: Loading profiles.yml
14:33:00.545584 [info ]: Loading profiles.yml
14:35:31.472560 [info ]: Loading profiles.yml
14:35:32.311757 [info ]: Loading profiles.yml
14:38:33.098561 [info ]: Loading profiles.yml
14:38:33.948270 [info ]: Loading profiles.yml
14:38:34.016641 [info ]: Loading profiles.yml
14:39:35.951570 [info ]: Loading profiles.yml
14:39:45.244091 [info ]: Loading profiles.yml
14:40:49.898478 [info ]: Loading profiles.yml
14:40:51.212275 [info ]: Loading profiles.yml
14:40:51.717447 [info ]: Loading profiles.yml
14:41:36.307649 [info ]: Loading profiles.yml
14:41:37.134721 [info ]: Loading profiles.yml
14:46:08.091903 [info ]: Loading profiles.yml
14:46:08.939451 [info ]: Loading profiles.yml
14:49:13.122819 [info ]: Loading profiles.yml
14:49:13.997086 [info ]: Loading profiles.yml
14:52:14.512653 [info ]: Loading profiles.yml
14:52:15.377002 [info ]: Loading profiles.yml
14:56:17.570730 [info ]: Loading profiles.yml
14:56:18.324371 [info ]: Loading profiles.yml
14:56:23.771274 [info ]: Loading profiles.yml
14:56:41.133636 [info ]: Loading profiles.yml
14:58:32.004170 [info ]: Loading profiles.yml
14:58:43.702949 [info ]: Loading profiles.yml
14:59:49.918187 [info ]: Loading profiles.yml
14:59:50.749504 [info ]: Loading profiles.yml
14:59:51.240313 [info ]: Loading profiles.yml
15:00:03.934126 [info ]: Loading profiles.yml
15:00:22.700225 [info ]: Loading profiles.yml
15:00:59.683832 [info ]: Loading profiles.yml
15:01:01.592979 [info ]: Loading profiles.yml
15:01:32.983378 [info ]: Loading profiles.yml
15:01:40.156744 [info ]: Loading profiles.yml
15:01:41.030831 [info ]: Loading profiles.yml
15:01:41.412328 [info ]: Loading profiles.yml
15:03:00.340059 [info ]: Loading profiles.yml
15:03:01.188032 [info ]: Loading profiles.yml
15:03:33.801881 [info ]: Loading profiles.yml
15:03:42.219297 [info ]: Loading profiles.yml
15:04:10.479865 [info ]: Loading profiles.yml
15:04:12.136373 [info ]: Loading profiles.yml
15:04:13.002460 [info ]: Loading profiles.yml
15:04:33.143361 [info ]: Loading profiles.yml
15:05:05.427441 [info ]: Loading profiles.yml
15:05:07.261165 [info ]: Loading profiles.yml
15:05:07.515849 [info ]: Loading profiles.yml
15:07:21.766899 [info ]: Loading profiles.yml
15:07:22.603144 [info ]: Loading profiles.yml
15:13:37.409343 [info ]: Loading profiles.yml
15:13:38.660825 [info ]: Loading profiles.yml
15:20:04.416714 [info ]: Loading profiles.yml
15:20:05.234271 [info ]: Loading profiles.yml
15:23:05.491456 [info ]: Loading profiles.yml
15:23:06.282002 [info ]: Loading profiles.yml
15:29:49.415513 [info ]: Loading profiles.yml
15:29:50.224912 [info ]: Loading profiles.yml
15:32:58.362418 [info ]: Loading profiles.yml
15:32:59.230301 [info ]: Loading profiles.yml
15:38:32.038483 [info ]: Loading profiles.yml
15:38:32.915747 [info ]: Loading profiles.yml
15:40:30.126737 [info ]: Loading profiles.yml
15:42:43.415946 [info ]: Loading profiles.yml
15:42:44.281685 [info ]: Loading profiles.yml
15:45:50.948606 [info ]: Loading profiles.yml
15:45:51.820805 [info ]: Loading profiles.yml
15:49:46.549285 [info ]: Loading profiles.yml
15:49:47.426836 [info ]: Loading profiles.yml
15:53:32.307108 [info ]: Loading profiles.yml
15:53:33.261031 [info ]: Loading profiles.yml
15:56:56.737852 [info ]: Loading profiles.yml
15:56:57.694815 [info ]: Loading profiles.yml
16:03:27.743802 [info ]: Loading profiles.yml
16:03:28.527025 [info ]: Loading profiles.yml
16:06:38.504137 [info ]: Loading profiles.yml
16:06:39.314709 [info ]: Loading profiles.yml
16:10:13.544664 [info ]: Loading profiles.yml
16:10:14.487288 [info ]: Loading profiles.yml
16:11:47.713700 [info ]: Loading profiles.yml
16:11:59.873002 [info ]: Loading profiles.yml
16:12:15.365158 [info ]: Loading profiles.yml
16:13:39.090945 [info ]: Loading profiles.yml
16:13:40.576027 [info ]: Loading profiles.yml
16:17:03.797010 [info ]: Loading profiles.yml
16:17:04.674908 [info ]: Loading profiles.yml
16:20:07.715605 [info ]: Loading profiles.yml
16:20:08.636484 [info ]: Loading profiles.yml
16:23:18.350388 [info ]: Loading profiles.yml
16:23:19.418449 [info ]: Loading profiles.yml
16:24:15.930717 [info ]: Loading profiles.yml
16:24:17.587209 [info ]: Loading profiles.yml
16:24:17.828031 [info ]: Loading profiles.yml
16:24:26.995372 [info ]: Loading profiles.yml
16:27:01.188705 [info ]: Loading profiles.yml
16:27:02.174482 [info ]: Loading profiles.yml
16:30:45.586220 [info ]: Loading profiles.yml
16:30:46.950733 [info ]: Loading profiles.yml
16:34:44.887969 [info ]: Loading profiles.yml
16:34:45.810392 [info ]: Loading profiles.yml
16:35:48.015724 [info ]: Loading profiles.yml
16:35:50.062874 [info ]: Loading profiles.yml
16:37:17.422150 [info ]: Loading profiles.yml
16:37:18.398962 [info ]: Loading profiles.yml
16:37:18.756447 [info ]: Loading profiles.yml
